Component: Arm Compiler for Embedded 6.24 Tool: armlink [5f371500]

==============================================================================

Section Cross References

    startup_stm32f103xb.o(STACK) refers (Special) to heapauxi.o(.text) for __use_two_region_memory
    startup_stm32f103xb.o(HEAP) refers (Special) to heapauxi.o(.text) for __use_two_region_memory
    startup_stm32f103xb.o(RESET) refers (Special) to heapauxi.o(.text) for __use_two_region_memory
    startup_stm32f103xb.o(RESET) refers to startup_stm32f103xb.o(STACK) for __initial_sp
    startup_stm32f103xb.o(RESET) refers to startup_stm32f103xb.o(.text) for Reset_Handler
    startup_stm32f103xb.o(RESET) refers to stm32f1xx_it.o(.text.NMI_Handler) for NMI_Handler
    startup_stm32f103xb.o(RESET) refers to stm32f1xx_it.o(.text.HardFault_Handler) for HardFault_Handler
    startup_stm32f103xb.o(RESET) refers to stm32f1xx_it.o(.text.MemManage_Handler) for MemManage_Handler
    startup_stm32f103xb.o(RESET) refers to stm32f1xx_it.o(.text.BusFault_Handler) for BusFault_Handler
    startup_stm32f103xb.o(RESET) refers to stm32f1xx_it.o(.text.UsageFault_Handler) for UsageFault_Handler
    startup_stm32f103xb.o(RESET) refers to stm32f1xx_it.o(.text.SVC_Handler) for SVC_Handler
    startup_stm32f103xb.o(RESET) refers to stm32f1xx_it.o(.text.DebugMon_Handler) for DebugMon_Handler
    startup_stm32f103xb.o(RESET) refers to stm32f1xx_it.o(.text.PendSV_Handler) for PendSV_Handler
    startup_stm32f103xb.o(RESET) refers to stm32f1xx_it.o(.text.SysTick_Handler) for SysTick_Handler
    startup_stm32f103xb.o(RESET) refers to stm32f1xx_it.o(.text.USB_LP_CAN1_RX0_IRQHandler) for USB_LP_CAN1_RX0_IRQHandler
    startup_stm32f103xb.o(RESET) refers to stm32f1xx_it.o(.text.TIM3_IRQHandler) for TIM3_IRQHandler
    startup_stm32f103xb.o(.text) refers (Special) to heapauxi.o(.text) for __use_two_region_memory
    startup_stm32f103xb.o(.text) refers to system_stm32f1xx.o(.text.SystemInit) for SystemInit
    startup_stm32f103xb.o(.text) refers to __main.o(!!!main) for __main
    startup_stm32f103xb.o(.text) refers to startup_stm32f103xb.o(HEAP) for Heap_Mem
    startup_stm32f103xb.o(.text) refers to startup_stm32f103xb.o(STACK) for Stack_Mem
    main.o(.text) refers (Special) to _printf_percent.o(.ARM.Collect$$_printf_percent$$00000000) for _printf_percent
    main.o(.text) refers (Special) to _printf_d.o(.ARM.Collect$$_printf_percent$$00000009) for _printf_d
    main.o(.text) refers (Special) to _printf_dec.o(.text) for _printf_int_dec
    main.o(.text.PID_Compute) refers (Special) to _printf_percent.o(.ARM.Collect$$_printf_percent$$00000000) for _printf_percent
    main.o(.text.PID_Compute) refers (Special) to _printf_d.o(.ARM.Collect$$_printf_percent$$00000009) for _printf_d
    main.o(.text.PID_Compute) refers (Special) to _printf_dec.o(.text) for _printf_int_dec
    main.o(.text.PID_Compute) refers to fflt_clz.o(x$fpl$fflt) for __aeabi_i2f
    main.o(.text.PID_Compute) refers to fdiv.o(x$fpl$fdiv) for __aeabi_fdiv
    main.o(.text.PID_Compute) refers to fmul.o(x$fpl$fmul) for __aeabi_fmul
    main.o(.text.PID_Compute) refers to faddsub_clz.o(x$fpl$fsub) for __aeabi_fsub
    main.o(.text.PID_Compute) refers to faddsub_clz.o(x$fpl$fadd) for __aeabi_fadd
    main.o(.text.PID_Compute) refers to fcmp.o(x$fpl$fcmp) for __aeabi_fcmpgt
    main.o(.text.PID_Compute) refers to ffix.o(x$fpl$ffix) for __aeabi_f2iz
    main.o(.text.PID_Compute) refers to stm32f1xx_hal_gpio.o(.text.HAL_GPIO_WritePin) for HAL_GPIO_WritePin
    main.o(.text.PID_Compute) refers to main.o(.bss.htim2) for htim2
    main.o(.text.PID_Compute) refers to main.o(.bss..L_MergedGlobals.3) for [Anonymous Symbol]
    main.o(.text.PID_Compute) refers to main.o(.data..L_MergedGlobals) for [Anonymous Symbol]
    main.o(.text.PID_Compute) refers to main.o(.bss.htim1) for htim1
    main.o(.ARM.exidx.text.PID_Compute) refers (Special) to _printf_percent.o(.ARM.Collect$$_printf_percent$$00000000) for _printf_percent
    main.o(.ARM.exidx.text.PID_Compute) refers (Special) to _printf_d.o(.ARM.Collect$$_printf_percent$$00000009) for _printf_d
    main.o(.ARM.exidx.text.PID_Compute) refers (Special) to _printf_dec.o(.text) for _printf_int_dec
    main.o(.ARM.exidx.text.PID_Compute) refers to main.o(.text.PID_Compute) for [Anonymous Symbol]
    main.o(.text.HAL_TIM_PeriodElapsedCallback) refers (Special) to _printf_percent.o(.ARM.Collect$$_printf_percent$$00000000) for _printf_percent
    main.o(.text.HAL_TIM_PeriodElapsedCallback) refers (Special) to _printf_d.o(.ARM.Collect$$_printf_percent$$00000009) for _printf_d
    main.o(.text.HAL_TIM_PeriodElapsedCallback) refers (Special) to _printf_dec.o(.text) for _printf_int_dec
    main.o(.text.HAL_TIM_PeriodElapsedCallback) refers to main.o(.text.PID_Compute) for PID_Compute
    main.o(.ARM.exidx.text.HAL_TIM_PeriodElapsedCallback) refers (Special) to _printf_percent.o(.ARM.Collect$$_printf_percent$$00000000) for _printf_percent
[...]
    strcspn                                  0x080008d9   Thumb Code    32  strcspn.o(.text)
    strspn                                   0x080008f9   Thumb Code    28  strspn.o(.text)
    __user_setup_stackheap                   0x08000915   Thumb Code    74  sys_stackheap_outer.o(.text)
    __rt_locale                              0x08000961   Thumb Code     8  rt_locale_intlibspace.o(.text)
    _chval                                   0x08000969   Thumb Code    28  _chval.o(.text)
    _scanf_really_real                       0x08000bd1   Thumb Code   684  scanf_fp.o(.text)
    exit                                     0x08000e7d   Thumb Code    18  exit.o(.text)
    strcmp                                   0x08000e91   Thumb Code   128  strcmpv7m.o(.text)
    __aeabi_llsl                             0x08000f11   Thumb Code     0  llshl.o(.text)
    _ll_shift_l                              0x08000f11   Thumb Code    38  llshl.o(.text)
    _btod_etento                             0x08000f39   Thumb Code   224  bigflt0.o(.text)
    _scanf_really_hex_real                   0x0800101d   Thumb Code   786  scanf_hexfp.o(.text)
    _scanf_really_infnan                     0x0800133d   Thumb Code   292  scanf_infnan.o(.text)
    _sys_exit                                0x08001471   Thumb Code     8  sys_exit.o(.text)
    __I$use$semihosting                      0x0800147d   Thumb Code     0  use_no_semi.o(.text)
    __use_no_semihosting_swi                 0x0800147d   Thumb Code     2  use_no_semi.o(.text)
    BusFault_Handler                         0x0800147f   Thumb Code     2  stm32f1xx_it.o(.text.BusFault_Handler)
    __semihosting_library_function           0x0800147f   Thumb Code     0  indicate_semi.o(.text)
    CDC_Transmit_FS                          0x080015d1   Thumb Code    40  usbd_cdc_if.o(.text.CDC_Transmit_FS)
    DebugMon_Handler                         0x080015fd   Thumb Code     2  stm32f1xx_it.o(.text.DebugMon_Handler)
    Error_Handler                            0x080015ff   Thumb Code     8  main.o(.text.Error_Handler)
    HAL_Delay                                0x08001609   Thumb Code    32  stm32f1xx_hal.o(.text.HAL_Delay)
    HAL_GPIO_Init                            0x0800162d   Thumb Code   380  stm32f1xx_hal_gpio.o(.text.HAL_GPIO_Init)
    HAL_GPIO_TogglePin                       0x080017d9   Thumb Code    16  stm32f1xx_hal_gpio.o(.text.HAL_GPIO_TogglePin)
    HAL_GPIO_WritePin                        0x080017e9   Thumb Code    10  stm32f1xx_hal_gpio.o(.text.HAL_GPIO_WritePin)
    HAL_GetTick                              0x080017f5   Thumb Code     8  stm32f1xx_hal.o(.text.HAL_GetTick)
    HAL_I2C_Init                             0x080017fd   Thumb Code   276  stm32f1xx_hal_i2c.o(.text.HAL_I2C_Init)
    HAL_I2C_Master_Transmit                  0x08001921   Thumb Code   324  stm32f1xx_hal_i2c.o(.text.HAL_I2C_Master_Transmit)
    HAL_I2C_MspInit                          0x08001a69   Thumb Code    88  stm32f1xx_hal_msp.o(.text.HAL_I2C_MspInit)
    HAL_IncTick                              0x08001ac9   Thumb Code    16  stm32f1xx_hal.o(.text.HAL_IncTick)
    HAL_Init                                 0x08001add   Thumb Code    32  stm32f1xx_hal.o(.text.HAL_Init)
    HAL_InitTick                             0x08001b01   Thumb Code    56  stm32f1xx_hal.o(.text.HAL_InitTick)
    HAL_MspInit                              0x08001b41   Thumb Code    56  stm32f1xx_hal_msp.o(.text.HAL_MspInit)
    HAL_NVIC_EnableIRQ                       0x08001b81   Thumb Code    20  stm32f1xx_hal_cortex.o(.text.HAL_NVIC_EnableIRQ)
    HAL_NVIC_SetPriority                     0x08001b99   Thumb Code    72  stm32f1xx_hal_cortex.o(.text.HAL_NVIC_SetPriority)
    HAL_NVIC_SetPriorityGrouping             0x08001be5   Thumb Code    24  stm32f1xx_hal_cortex.o(.text.HAL_NVIC_SetPriorityGrouping)
    HAL_PCDEx_PMAConfig                      0x08001c05   Thumb Code    56  stm32f1xx_hal_pcd_ex.o(.text.HAL_PCDEx_PMAConfig)
    HAL_PCDEx_SetConnectionState             0x08001c3d   Thumb Code     2  usbd_conf.o(.text.HAL_PCDEx_SetConnectionState)
    HAL_PCD_DataInStageCallback              0x08001c3f   Thumb Code    18  usbd_conf.o(.text.HAL_PCD_DataInStageCallback)
    HAL_PCD_DataOutStageCallback             0x08001c51   Thumb Code    20  usbd_conf.o(.text.HAL_PCD_DataOutStageCallback)
    HAL_PCD_EP_Close                         0x08001c65   Thumb Code    64  stm32f1xx_hal_pcd.o(.text.HAL_PCD_EP_Close)
    HAL_PCD_EP_ClrStall                      0x08001ca5   Thumb Code    90  stm32f1xx_hal_pcd.o(.text.HAL_PCD_EP_ClrStall)
    HAL_PCD_EP_GetRxCount                    0x08001cff   Thumb Code    18  stm32f1xx_hal_pcd.o(.text.HAL_PCD_EP_GetRxCount)
    HAL_PCD_EP_Open                          0x08001d11   Thumb Code    80  stm32f1xx_hal_pcd.o(.text.HAL_PCD_EP_Open)
    HAL_PCD_EP_Receive                       0x08001d61   Thumb Code    44  stm32f1xx_hal_pcd.o(.text.HAL_PCD_EP_Receive)
    HAL_PCD_EP_SetStall                      0x08001d8d   Thumb Code    94  stm32f1xx_hal_pcd.o(.text.HAL_PCD_EP_SetStall)
    HAL_PCD_EP_Transmit                      0x08001deb   Thumb Code    46  stm32f1xx_hal_pcd.o(.text.HAL_PCD_EP_Transmit)
    HAL_PCD_IRQHandler                       0x08001e19   Thumb Code  1940  stm32f1xx_hal_pcd.o(.text.HAL_PCD_IRQHandler)
    HAL_PCD_Init                             0x080025b1   Thumb Code   176  stm32f1xx_hal_pcd.o(.text.HAL_PCD_Init)
    HAL_PCD_MspInit                          0x08002661   Thumb Code    52  usbd_conf.o(.text.HAL_PCD_MspInit)
    HAL_PCD_ResetCallback                    0x0800269d   Thumb Code    36  usbd_conf.o(.text.HAL_PCD_ResetCallback)
    HAL_PCD_ResumeCallback                   0x080026c1   Thumb Code     8  usbd_conf.o(.text.HAL_PCD_ResumeCallback)
    HAL_PCD_SOFCallback                      0x080026c9   Thumb Code     8  usbd_conf.o(.text.HAL_PCD_SOFCallback)
    HAL_PCD_SetAddress                       0x080026d1   Thumb Code    26  stm32f1xx_hal_pcd.o(.text.HAL_PCD_SetAddress)
    HAL_PCD_SetupStageCallback               0x080026eb   Thumb Code    14  usbd_conf.o(.text.HAL_PCD_SetupStageCallback)
    HAL_PCD_Start                            0x080026f9   Thumb Code    38  stm32f1xx_hal_pcd.o(.text.HAL_PCD_Start)
    HAL_PCD_SuspendCallback                  0x08002721   Thumb Code    28  usbd_conf.o(.text.HAL_PCD_SuspendCallback)
    HAL_RCC_ClockConfig                      0x08002741   Thumb Code   320  stm32f1xx_hal_rcc.o(.text.HAL_RCC_ClockConfig)
    HAL_RCC_GetPCLK1Freq                     0x0800288d   Thumb Code    20  stm32f1xx_hal_rcc.o(.text.HAL_RCC_GetPCLK1Freq)
    HAL_RCC_GetSysClockFreq                  0x080028a9   Thumb Code    52  stm32f1xx_hal_rcc.o(.text.HAL_RCC_GetSysClockFreq)
    HAL_RCC_OscConfig                        0x080028fd   Thumb Code   772  stm32f1xx_hal_rcc.o(.text.HAL_RCC_OscConfig)
    HAL_SYSTICK_Config                       0x08002c11   Thumb Code    32  stm32f1xx_hal_cortex.o(.text.HAL_SYSTICK_Config)
    HAL_TIMEx_BreakCallback                  0x08002c39   Thumb Code     2  stm32f1xx_hal_tim_ex.o(.text.HAL_TIMEx_BreakCallback)
    HAL_TIMEx_CommutCallback                 0x08002c3b   Thumb Code     2  stm32f1xx_hal_tim_ex.o(.text.HAL_TIMEx_CommutCallback)
    HAL_TIMEx_ConfigBreakDeadTime            0x08002c3d   Thumb Code    78  stm32f1xx_hal_tim_ex.o(.text.HAL_TIMEx_ConfigBreakDeadTime)
    HAL_TIMEx_MasterConfigSynchronization    0x08002c8d   Thumb Code    88  stm32f1xx_hal_tim_ex.o(.text.HAL_TIMEx_MasterConfigSynchronization)
    HAL_TIM_Base_Init                        0x08002ce5   Thumb Code    36  stm32f1xx_hal_tim.o(.text.HAL_TIM_Base_Init)
    HAL_TIM_Base_MspInit                     0x08002d09   Thumb Code    52  stm32f1xx_hal_msp.o(.text.HAL_TIM_Base_MspInit)
    HAL_TIM_Base_Start_IT                    0x08002d41   Thumb Code    76  stm32f1xx_hal_tim.o(.text.HAL_TIM_Base_Start_IT)
    HAL_TIM_ConfigClockSource                0x08002d99   Thumb Code   206  stm32f1xx_hal_tim.o(.text.HAL_TIM_ConfigClockSource)
    HAL_TIM_Encoder_Init                     0x08002e67   Thumb Code   150  stm32f1xx_hal_tim.o(.text.HAL_TIM_Encoder_Init)
    HAL_TIM_Encoder_MspInit                  0x08002efd   Thumb Code    80  stm32f1xx_hal_msp.o(.text.HAL_TIM_Encoder_MspInit)
    HAL_TIM_Encoder_Start                    0x08002f51   Thumb Code    90  stm32f1xx_hal_tim.o(.text.HAL_TIM_Encoder_Start)
    HAL_TIM_IC_CaptureCallback               0x08002fab   Thumb Code     2  stm32f1xx_hal_tim.o(.text.HAL_TIM_IC_CaptureCallback)
    HAL_TIM_IRQHandler                       0x08002fad   Thumb Code   266  stm32f1xx_hal_tim.o(.text.HAL_TIM_IRQHandler)
    HAL_TIM_OC_DelayElapsedCallback          0x080030b7   Thumb Code     2  stm32f1xx_hal_tim.o(.text.HAL_TIM_OC_DelayElapsedCallback)
    HAL_TIM_PWM_ConfigChannel                0x080030b9   Thumb Code   136  stm32f1xx_hal_tim.o(.text.HAL_TIM_PWM_ConfigChannel)
    HAL_TIM_PWM_Init                         0x08003141   Thumb Code    36  stm32f1xx_hal_tim.o(.text.HAL_TIM_PWM_Init)
    HAL_TIM_PWM_MspInit                      0x08003165   Thumb Code    36  stm32f1xx_hal_msp.o(.text.HAL_TIM_PWM_MspInit)
    HAL_TIM_PWM_PulseFinishedCallback        0x0800318d   Thumb Code     2  stm32f1xx_hal_tim.o(.text.HAL_TIM_PWM_PulseFinishedCallback)
    HAL_TIM_PWM_Start                        0x08003191   Thumb Code   128  stm32f1xx_hal_tim.o(.text.HAL_TIM_PWM_Start)
    HAL_TIM_PeriodElapsedCallback            0x08003219   Thumb Code    16  main.o(.text.HAL_TIM_PeriodElapsedCallback)
    HAL_TIM_TriggerCallback                  0x0800322d   Thumb Code     2  stm32f1xx_hal_tim.o(.text.HAL_TIM_TriggerCallback)
    HardFault_Handler                        0x0800322f   Thumb Code     2  stm32f1xx_it.o(.text.HardFault_Handler)
    MX_USB_DEVICE_Init                       0x080033dd   Thumb Code    64  usb_device.o(.text.MX_USB_DEVICE_Init)
    MemManage_Handler                        0x0800342d   Thumb Code     2  stm32f1xx_it.o(.text.MemManage_Handler)
    NMI_Handler                              0x0800342f   Thumb Code     2  stm32f1xx_it.o(.text.NMI_Handler)
    PID_Compute                              0x080037ed   Thumb Code   408  main.o(.text.PID_Compute)
    PendSV_Handler                           0x080039b5   Thumb Code     2  stm32f1xx_it.o(.text.PendSV_Handler)
    SVC_Handler                              0x080039b7   Thumb Code     2  stm32f1xx_it.o(.text.SVC_Handler)
    SysTick_Handler                          0x080039b9   Thumb Code     4  stm32f1xx_it.o(.text.SysTick_Handler)
    SystemClock_Config                       0x080039bd   Thumb Code    94  main.o(.text.SystemClock_Config)
    SystemInit                               0x08003a1b   Thumb Code     2  system_stm32f1xx.o(.text.SystemInit)
    TIM3_IRQHandler                          0x08003a1d   Thumb Code     8  stm32f1xx_it.o(.text.TIM3_IRQHandler)
    TIM_Base_SetConfig                       0x08003a29   Thumb Code   120  stm32f1xx_hal_tim.o(.text.TIM_Base_SetConfig)
    TIM_CCxChannelCmd                        0x08003aa9   Thumb Code    30  stm32f1xx_hal_tim.o(.text.TIM_CCxChannelCmd)
    TIM_OC2_SetConfig                        0x08003b15   Thumb Code    88  stm32f1xx_hal_tim.o(.text.TIM_OC2_SetConfig)
    USBD_CDC_GetDeviceQualifierDescriptor    0x08003d35   Thumb Code     8  usbd_cdc.o(.text.USBD_CDC_GetDeviceQualifierDescriptor)
    USBD_CDC_ReceivePacket                   0x08003de9   Thumb Code    38  usbd_cdc.o(.text.USBD_CDC_ReceivePacket)
    USBD_CDC_RegisterInterface               0x08003e0f   Thumb Code    14  usbd_cdc.o(.text.USBD_CDC_RegisterInterface)
    USBD_CDC_SetRxBuffer                     0x08003e1d   Thumb Code    12  usbd_cdc.o(.text.USBD_CDC_SetRxBuffer)
    USBD_CDC_SetTxBuffer                     0x08003e29   Thumb Code    16  usbd_cdc.o(.text.USBD_CDC_SetTxBuffer)
    USBD_CDC_TransmitPacket                  0x08003ee9   Thumb Code    52  usbd_cdc.o(.text.USBD_CDC_TransmitPacket)
    USBD_ClrClassConfig                      0x08003f1d   Thumb Code    14  usbd_core.o(.text.USBD_ClrClassConfig)
    USBD_CtlContinueRx                       0x08003f2b   Thumb Code    16  usbd_ioreq.o(.text.USBD_CtlContinueRx)
    USBD_CtlContinueSendData                 0x08003f3b   Thumb Code    16  usbd_ioreq.o(.text.USBD_CtlContinueSendData)
    USBD_CtlError                            0x08003f4b   Thumb Code    22  usbd_ctlreq.o(.text.USBD_CtlError)
    USBD_CtlPrepareRx                        0x08003f61   Thumb Code    26  usbd_ioreq.o(.text.USBD_CtlPrepareRx)
    USBD_CtlReceiveStatus                    0x08003f7b   Thumb Code    22  usbd_ioreq.o(.text.USBD_CtlReceiveStatus)
    USBD_CtlSendData                         0x08003f91   Thumb Code    26  usbd_ioreq.o(.text.USBD_CtlSendData)
    USBD_CtlSendStatus                       0x08003fab   Thumb Code    22  usbd_ioreq.o(.text.USBD_CtlSendStatus)
    USBD_FS_ConfigStrDescriptor              0x08003fc1   Thumb Code    16  usbd_desc.o(.text.USBD_FS_ConfigStrDescriptor)
    USBD_FS_DeviceDescriptor                 0x08003fdd   Thumb Code     8  usbd_desc.o(.text.USBD_FS_DeviceDescriptor)
    USBD_FS_InterfaceStrDescriptor           0x08003fe9   Thumb Code    16  usbd_desc.o(.text.USBD_FS_InterfaceStrDescriptor)
    USBD_FS_LangIDStrDescriptor              0x08004009   Thumb Code     8  usbd_desc.o(.text.USBD_FS_LangIDStrDescriptor)
    USBD_FS_ManufacturerStrDescriptor        0x08004015   Thumb Code    16  usbd_desc.o(.text.USBD_FS_ManufacturerStrDescriptor)
    USBD_FS_ProductStrDescriptor             0x08004039   Thumb Code    16  usbd_desc.o(.text.USBD_FS_ProductStrDescriptor)
    USBD_FS_SerialStrDescriptor              0x08004065   Thumb Code    44  usbd_desc.o(.text.USBD_FS_SerialStrDescriptor)
    USBD_GetString                           0x08004099   Thumb Code    66  usbd_ctlreq.o(.text.USBD_GetString)
    USBD_Init                                0x080040f5   Thumb Code    42  usbd_core.o(.text.USBD_Init)
    USBD_LL_ClearStallEP                     0x0800411f   Thumb Code    18  usbd_conf.o(.text.USBD_LL_ClearStallEP)
    USBD_LL_CloseEP                          0x08004131   Thumb Code    18  usbd_conf.o(.text.USBD_LL_CloseEP)
    USBD_LL_DataInStage                      0x08004143   Thumb Code   190  usbd_core.o(.text.USBD_LL_DataInStage)
    USBD_LL_DataOutStage                     0x08004201   Thumb Code   126  usbd_core.o(.text.USBD_LL_DataOutStage)
    USBD_LL_GetRxDataSize                    0x0800427f   Thumb Code     8  usbd_conf.o(.text.USBD_LL_GetRxDataSize)
    USBD_LL_Init                             0x08004289   Thumb Code   112  usbd_conf.o(.text.USBD_LL_Init)
    USBD_LL_IsStallEP                        0x08004305   Thumb Code    42  usbd_conf.o(.text.USBD_LL_IsStallEP)
    USBD_LL_OpenEP                           0x0800432f   Thumb Code    24  usbd_conf.o(.text.USBD_LL_OpenEP)
    USBD_LL_PrepareReceive                   0x08004347   Thumb Code    18  usbd_conf.o(.text.USBD_LL_PrepareReceive)
    USBD_LL_Reset                            0x08004359   Thumb Code    80  usbd_core.o(.text.USBD_LL_Reset)
    USBD_LL_Resume                           0x080043a9   Thumb Code    20  usbd_core.o(.text.USBD_LL_Resume)
    USBD_LL_SOF                              0x080043bd   Thumb Code    28  usbd_core.o(.text.USBD_LL_SOF)
    USBD_LL_SetSpeed                         0x080043d9   Thumb Code     6  usbd_core.o(.text.USBD_LL_SetSpeed)
    USBD_LL_SetUSBAddress                    0x080043df   Thumb Code    18  usbd_conf.o(.text.USBD_LL_SetUSBAddress)
    USBD_LL_SetupStage                       0x080043f1   Thumb Code    86  usbd_core.o(.text.USBD_LL_SetupStage)
    USBD_LL_StallEP                          0x08004447   Thumb Code    18  usbd_conf.o(.text.USBD_LL_StallEP)
    USBD_LL_Start                            0x08004459   Thumb Code    18  usbd_conf.o(.text.USBD_LL_Start)
    USBD_LL_Suspend                          0x0800446b   Thumb Code    18  usbd_core.o(.text.USBD_LL_Suspend)
    USBD_LL_Transmit                         0x0800447d   Thumb Code    18  usbd_conf.o(.text.USBD_LL_Transmit)
    USBD_ParseSetupRequest                   0x0800448f   Thumb Code    22  usbd_ctlreq.o(.text.USBD_ParseSetupRequest)
    USBD_RegisterClass                       0x080044a5   Thumb Code    14  usbd_core.o(.text.USBD_RegisterClass)
    USBD_SetClassConfig                      0x080044b3   Thumb Code    26  usbd_core.o(.text.USBD_SetClassConfig)
    USBD_Start                               0x080044cd   Thumb Code    10  usbd_core.o(.text.USBD_Start)
    USBD_StdDevReq                           0x080044d9   Thumb Code   588  usbd_ctlreq.o(.text.USBD_StdDevReq)
    USBD_StdEPReq                            0x08004729   Thumb Code   294  usbd_ctlreq.o(.text.USBD_StdEPReq)
    USBD_StdItfReq                           0x0800484f   Thumb Code    58  usbd_ctlreq.o(.text.USBD_StdItfReq)
    USBD_static_free                         0x08004889   Thumb Code     2  usbd_conf.o(.text.USBD_static_free)
    USBD_static_malloc                       0x0800488d   Thumb Code     4  usbd_conf.o(.text.USBD_static_malloc)
    USB_ActivateEndpoint                     0x08004895   Thumb Code   564  stm32f1xx_ll_usb.o(.text.USB_ActivateEndpoint)
    USB_CoreInit                             0x08004ad1   Thumb Code     4  stm32f1xx_ll_usb.o(.text.USB_CoreInit)
    USB_DeactivateEndpoint                   0x08004ad5   Thumb Code   178  stm32f1xx_ll_usb.o(.text.USB_DeactivateEndpoint)
    USB_DevConnect                           0x08004b87   Thumb Code     4  stm32f1xx_ll_usb.o(.text.USB_DevConnect)
    USB_DevDisconnect                        0x08004b8b   Thumb Code     4  stm32f1xx_ll_usb.o(.text.USB_DevDisconnect)
    USB_DevInit                              0x08004b8f   Thumb Code    24  stm32f1xx_ll_usb.o(.text.USB_DevInit)
    USB_DisableGlobalInt                     0x08004ba7   Thumb Code    14  stm32f1xx_ll_usb.o(.text.USB_DisableGlobalInt)
    USB_EP0_OutStart                         0x08004bb5   Thumb Code     4  stm32f1xx_ll_usb.o(.text.USB_EP0_OutStart)
    USB_EPClearStall                         0x08004bb9   Thumb Code    98  stm32f1xx_ll_usb.o(.text.USB_EPClearStall)
    USB_EPSetStall                           0x08004c1d   Thumb Code    36  stm32f1xx_ll_usb.o(.text.USB_EPSetStall)
    USB_EPStartXfer                          0x08004c45   Thumb Code  1040  stm32f1xx_ll_usb.o(.text.USB_EPStartXfer)
    USB_EnableGlobalInt                      0x0800505d   Thumb Code    14  stm32f1xx_ll_usb.o(.text.USB_EnableGlobalInt)
    USB_LP_CAN1_RX0_IRQHandler               0x0800506d   Thumb Code     8  stm32f1xx_it.o(.text.USB_LP_CAN1_RX0_IRQHandler)
    USB_ReadInterrupts                       0x08005079   Thumb Code     6  stm32f1xx_ll_usb.o(.text.USB_ReadInterrupts)
    USB_ReadPMA                              0x0800507f   Thumb Code    42  stm32f1xx_ll_usb.o(.text.USB_ReadPMA)
    USB_SetCurrentMode                       0x080050a9   Thumb Code     4  stm32f1xx_ll_usb.o(.text.USB_SetCurrentMode)
    USB_SetDevAddress                        0x080050ad   Thumb Code    12  stm32f1xx_ll_usb.o(.text.USB_SetDevAddress)
    USB_WritePMA                             0x080050b9   Thumb Code    28  stm32f1xx_ll_usb.o(.text.USB_WritePMA)
    UsageFault_Handler                       0x080050d5   Thumb Code     2  stm32f1xx_it.o(.text.UsageFault_Handler)
    lcd_init                                 0x080050d9   Thumb Code    84  i2c-lcd.o(.text.lcd_init)
    lcd_put_cur                              0x08005135   Thumb Code    22  i2c-lcd.o(.text.lcd_put_cur)
    lcd_send_cmd                             0x0800514d   Thumb Code    40  i2c-lcd.o(.text.lcd_send_cmd)
    lcd_send_data                            0x08005175   Thumb Code    40  i2c-lcd.o(.text.lcd_send_data)
    lcd_send_string                          0x0800519d   Thumb Code    18  i2c-lcd.o(.text.lcd_send_string)
    main                                     0x080051b1   Thumb Code   836  main.o(.text.main)
    __btod_div_common                        0x08005541   Thumb Code   696  btod.o(CL$$btod_div_common)
    _e2d                                     0x08005879   Thumb Code   122  btod.o(CL$$btod_e2d)
    _e2e                                     0x080058fd   Thumb Code   220  btod.o(CL$$btod_e2e)
    _btod_ediv                               0x080059d9   Thumb Code    42  btod.o(CL$$btod_ediv)
    _btod_edivd                              0x08005a03   Thumb Code    42  btod.o(CL$$btod_edivd)
    _btod_emul                               0x08005a2d   Thumb Code    42  btod.o(CL$$btod_emul)
    _btod_emuld                              0x08005a57   Thumb Code    42  btod.o(CL$$btod_emuld)
    __btod_mult_common                       0x08005a81   Thumb Code   580  btod.o(CL$$btod_mult_common)
    __mathlib_dbl_overflow                   0x08005cc5   Thumb Code    14  dunder.o(i.__mathlib_dbl_overflow)
    __mathlib_dbl_underflow                  0x08005cd5   Thumb Code    10  dunder.o(i.__mathlib_dbl_underflow)
    __mathlib_narrow                         0x08005ce5   Thumb Code    16  narrow.o(i.__mathlib_narrow)
    __mathlib_tofloat                        0x08005cf5   Thumb Code   184  narrow.o(i.__mathlib_tofloat)
    __support_ldexp                          0x08005db1   Thumb Code    22  ldexp.o(i.__support_ldexp)
    _is_digit                                0x08005dc7   Thumb Code    14  __printf_wp.o(i._is_digit)
    atof                                     0x08005dd5   Thumb Code    44  atof.o(i.atof)
    frexp                                    0x08005e01   Thumb Code    80  frexp.o(i.frexp)
    ldexp                                    0x08005e59   Thumb Code   116  ldexp.o(i.ldexp)
    _get_lc_numeric                          0x08005ecd   Thumb Code    44  lc_numeric_c.o(locale$$code)
    _get_lc_ctype                            0x08005ef9   Thumb Code    44  lc_ctype_c.o(locale$$code)
    __aeabi_d2f                              0x08005f25   Thumb Code     0  d2f.o(x$fpl$d2f)
    _d2f                                     0x08005f25   Thumb Code    98  d2f.o(x$fpl$d2f)
    __fpl_dcheck_NaN1                        0x08005f89   Thumb Code    10  dcheck1.o(x$fpl$dcheck1)
    __fpl_dcmp_Inf                           0x08005f99   Thumb Code    24  dcmpi.o(x$fpl$dcmpinf)
    __aeabi_cdcmpeq                          0x08005fb1   Thumb Code     0  deqf.o(x$fpl$deqf)
    _dcmpeq                                  0x08005fb1   Thumb Code   120  deqf.o(x$fpl$deqf)
    __aeabi_cdcmple                          0x08006029   Thumb Code     0  dleqf.o(x$fpl$dleqf)
    _dcmple                                  0x08006029   Thumb Code   120  dleqf.o(x$fpl$dleqf)
    __fpl_dcmple_InfNaN                      0x0800608b   Thumb Code     0  dleqf.o(x$fpl$dleqf)
    __fpl_dnaninf                            0x080060a1   Thumb Code   156  dnaninf.o(x$fpl$dnaninf)
    __aeabi_cdrcmple                         0x0800613d   Thumb Code     0  drleqf.o(x$fpl$drleqf)
    _drcmple                                 0x0800613d   Thumb Code   108  drleqf.o(x$fpl$drleqf)
    __aeabi_fadd                             0x080061a9   Thumb Code     0  faddsub_clz.o(x$fpl$fadd)
    _fadd                                    0x080061a9   Thumb Code   196  faddsub_clz.o(x$fpl$fadd)
    __aeabi_fcmpeq                           0x0800626d   Thumb Code     0  fcmp.o(x$fpl$fcmp)
    _feq                                     0x0800626d   Thumb Code    14  fcmp.o(x$fpl$fcmp)
    _fneq                                    0x0800627b   Thumb Code    14  fcmp.o(x$fpl$fcmp)
    __aeabi_fcmpgt                           0x08006289   Thumb Code     0  fcmp.o(x$fpl$fcmp)
    _fgr                                     0x08006289   Thumb Code    14  fcmp.o(x$fpl$fcmp)
    __aeabi_fcmpge                           0x08006297   Thumb Code     0  fcmp.o(x$fpl$fcmp)
    _fgeq                                    0x08006297   Thumb Code    14  fcmp.o(x$fpl$fcmp)
    __aeabi_fcmple                           0x080062a5   Thumb Code     0  fcmp.o(x$fpl$fcmp)
    _fleq                                    0x080062a5   Thumb Code    14  fcmp.o(x$fpl$fcmp)
    __aeabi_fcmplt                           0x080062b3   Thumb Code     0  fcmp.o(x$fpl$fcmp)
    _fls                                     0x080062b3   Thumb Code    14  fcmp.o(x$fpl$fcmp)
    __fpl_fcmp_Inf                           0x080062c1   Thumb Code    24  fcmpi.o(x$fpl$fcmpinf)
    __aeabi_fdiv                             0x080062d9   Thumb Code     0  fdiv.o(x$fpl$fdiv)
    _fdiv                                    0x080062d9   Thumb Code   384  fdiv.o(x$fpl$fdiv)
    __aeabi_cfcmpeq                          0x0800645d   Thumb Code     0  feqf.o(x$fpl$feqf)
    _fcmpeq                                  0x0800645d   Thumb Code   104  feqf.o(x$fpl$feqf)
    __aeabi_f2iz                             0x080064c5   Thumb Code     0  ffix.o(x$fpl$ffix)
    _ffix                                    0x080064c5   Thumb Code    54  ffix.o(x$fpl$ffix)
    __aeabi_i2f                              0x080064fd   Thumb Code     0  fflt_clz.o(x$fpl$fflt)
    _fflt                                    0x080064fd   Thumb Code    48  fflt_clz.o(x$fpl$fflt)
    _fcmpge                                  0x0800652d   Thumb Code   104  fgeqf.o(x$fpl$fgeqf)
    __aeabi_cfcmple                          0x08006595   Thumb Code     0  fleqf.o(x$fpl$fleqf)
    _fcmple                                  0x08006595   Thumb Code   104  fleqf.o(x$fpl$fleqf)
    __fpl_fcmple_InfNaN                      0x080065e7   Thumb Code     0  fleqf.o(x$fpl$fleqf)
    __aeabi_fmul                             0x080065fd   Thumb Code     0  fmul.o(x$fpl$fmul)
    _fmul                                    0x080065fd   Thumb Code   258  fmul.o(x$fpl$fmul)
    __fpl_fnaninf                            0x080066ff   Thumb Code   140  fnaninf.o(x$fpl$fnaninf)
    __fpl_fretinf                            0x0800678b   Thumb Code    10  fretinf.o(x$fpl$fretinf)
    __aeabi_fsub                             0x08006795   Thumb Code     0  faddsub_clz.o(x$fpl$fsub)
    _fsub                                    0x08006795   Thumb Code   234  faddsub_clz.o(x$fpl$fsub)
    __ieee_status                            0x0800687f   Thumb Code     6  istatus.o(x$fpl$ieeestatus)
    __fpl_return_NaN                         0x08006885   Thumb Code   100  retnan.o(x$fpl$retnan)
    __ARM_scalbn                             0x080068e9   Thumb Code    92  scalbn.o(x$fpl$scalbn)
    _scanf_real                              0x08006945   Thumb Code     4  scanf1.o(x$fpl$scanf1)
    _scanf_hex_real                          0x08006949   Thumb Code     4  scanf2.o(x$fpl$scanf2)
    _scanf_infnan                            0x0800694d   Thumb Code     4  scanf2.o(x$fpl$scanf2)
    __fpl_cmpreturn                          0x08006951   Thumb Code    48  trapv.o(x$fpl$trapveneer)
    __I$use$fp                               0x08006980   Number         0  usenofp.o(x$fpl$usenofp)
    AHBPrescTable                            0x08006a14   Data          16  system_stm32f1xx.o(.rodata.AHBPrescTable)
    APBPrescTable                            0x08006a24   Data           8  system_stm32f1xx.o(.rodata.APBPrescTable)
    Region$$Table$$Base                      0x08006a34   Number         0  anon$$obj.o(Region$$Table)
    Region$$Table$$Limit                     0x08006a54   Number         0  anon$$obj.o(Region$$Table)
    __aeabi_HUGE_VAL                         0x08006a54   Data           0  fpconst.o(c$$dinf)
    __aeabi_HUGE_VALL                        0x08006a54   Data           0  fpconst.o(c$$dinf)
    __aeabi_INFINITY                         0x08006a54   Data           0  fpconst.o(c$$dinf)
    __dInf                                   0x08006a54   Data           0  fpconst.o(c$$dinf)
    __huge_val                               0x08006a54   Data           0  fpconst.o(c$$dinf)
    __dbl_max                                0x08006a5c   Data           0  fpconst.o(c$$dmax)
    __ctype                                  0x08006a8d   Data           0  lc_ctype_c.o(locale$$data)
    Kp                                       0x20000004   Data           4  main.o(.data..L_MergedGlobals)
    Ki                                       0x20000008   Data           4  main.o(.data..L_MergedGlobals)
    Kd                                       0x2000000c   Data           4  main.o(.data..L_MergedGlobals)
    uwTickFreq                               0x20000010   Data           1  stm32f1xx_hal.o(.data..L_MergedGlobals)
    uwTickPrio                               0x20000014   Data           4  stm32f1xx_hal.o(.data..L_MergedGlobals)
    FS_Desc                                  0x20000018   Data          28  usbd_desc.o(.data.FS_Desc)
    SystemCoreClock                          0x20000034   Data           4  system_stm32f1xx.o(.data.SystemCoreClock)
    USBD_CDC                                 0x20000038   Data          56  usbd_cdc.o(.data.USBD_CDC)
    USBD_CDC_CfgFSDesc                       0x20000070   Data          67  usbd_cdc.o(.data.USBD_CDC_CfgFSDesc)
    USBD_CDC_CfgHSDesc                       0x200000b4   Data          67  usbd_cdc.o(.data.USBD_CDC_CfgHSDesc)
    USBD_CDC_OtherSpeedCfgDesc               0x20000104   Data          67  usbd_cdc.o(.data.USBD_CDC_OtherSpeedCfgDesc)
    USBD_FS_DeviceDesc                       0x20000148   Data          18  usbd_desc.o(.data.USBD_FS_DeviceDesc)
    USBD_Interface_fops_FS                   0x2000015c   Data          16  usbd_cdc_if.o(.data.USBD_Interface_fops_FS)
    USBD_LangIDDesc                          0x2000016c   Data           4  usbd_desc.o(.data.USBD_LangIDDesc)
    USBD_StringSerial                        0x20000170   Data          26  usbd_desc.o(.data.USBD_StringSerial)
    __libspace_start                         0x20000190   Data          96  libspace.o(.bss)
    __temporary_stack_top$libspace           0x200001f0   Data           0  libspace.o(.bss)
    pwm_output                               0x200001f0   Data           2  main.o(.bss..L_MergedGlobals.3)
    current_rpm                              0x200001f4   Data           4  main.o(.bss..L_MergedGlobals.3)
    setpoint_rpm                             0x200001f8   Data           4  main.o(.bss..L_MergedGlobals.3)
    motor_direction                          0x200001fc   Data           4  main.o(.bss..L_MergedGlobals.3)
    pid_enable                               0x20000200   Data           4  main.o(.bss..L_MergedGlobals.3)
    e                                        0x20000204   Data           4  main.o(.bss..L_MergedGlobals.3)
    e_prev                                   0x20000208   Data           4  main.o(.bss..L_MergedGlobals.3)
    e_sum                                    0x2000020c   Data           4  main.o(.bss..L_MergedGlobals.3)
    usb_tx_buffer                            0x20000210   Data          64  main.o(.bss..L_MergedGlobals.3)
    USBD_StrDesc                             0x20000254   Data         512  usbd_desc.o(.bss.USBD_StrDesc)
    UserRxBufferFS                           0x20000674   Data        1024  usbd_cdc_if.o(.bss.UserRxBufferFS)
    UserTxBufferFS                           0x20000a74   Data        1024  usbd_cdc_if.o(.bss.UserTxBufferFS)
    hUsbDeviceFS                             0x20000e74   Data         708  usb_device.o(.bss.hUsbDeviceFS)
    hi2c1                                    0x20001138   Data          84  main.o(.bss.hi2c1)
    hpcd_USB_FS                              0x2000118c   Data         728  usbd_conf.o(.bss.hpcd_USB_FS)
    htim1                                    0x20001464   Data          72  main.o(.bss.htim1)
    htim2                                    0x200014ac   Data          72  main.o(.bss.htim2)
    htim3                                    0x200014f4   Data          72  main.o(.bss.htim3)
    uwTick                                   0x2000153c   Data           4  stm32f1xx_hal.o(.bss.uwTick)



==============================================================================

Memory Map of the image

  Image Entry point : 0x080000ed

  Load Region LR_IROM1 (Base: 0x08000000, Size: 0x00006d20, Max: 0x00010000, ABSOLUTE, COMPRESSED[0x00006c60])

    Execution Region ER_IROM1 (Exec base: 0x08000000, Load base: 0x08000000, Size: 0x00006b90, Max: 0x00010000, ABSOLUTE)

    Exec Addr    Load Addr    Size         Type   Attr      Idx    E Section Name        Object

    0x08000000   0x08000000   0x000000ec   Data   RO            3    RESET               startup_stm32f103xb.o
    0x080000ec   0x080000ec   0x00000008   Code   RO         1842  * !!!main             c_w.l(__main.o)
    0x080000f4   0x080000f4   0x0000005c   Code   RO         2219    !!!scatter          c_w.l(__scatter.o)
    0x08000150   0x08000150   0x0000005a   Code   RO         2217    !!dczerorl2         c_w.l(__dczerorl2.o)
    0x080001aa   0x080001aa   0x00000002   PAD
    0x080001ac   0x080001ac   0x00000002   Code   RO         2220    !!handler_null      c_w.l(__scatter.o)
    0x080001ae   0x080001ae   0x00000002   PAD
    0x080001b0   0x080001b0   0x0000001c   Code   RO         2223    !!handler_zi        c_w.l(__scatter_zi.o)
    0x080001cc   0x080001cc   0x00000000   Code   RO         1826    .ARM.Collect$$_printf_percent$$00000000  c_w.l(_printf_percent.o)
    0x080001cc   0x080001cc   0x00000006   Code   RO         1825    .ARM.Collect$$_printf_percent$$00000009  c_w.l(_printf_d.o)
    0x080001d2   0x080001d2   0x00000004   Code   RO         1888    .ARM.Collect$$_printf_percent$$00000017  c_w.l(_printf_percent_end.o)
    0x080001d6   0x080001d6   0x00000002   Code   RO         1974    .ARM.Collect$$libinit$$00000000  c_w.l(libinit.o)
    0x080001d8   0x080001d8   0x00000000   Code   RO         1976    .ARM.Collect$$libinit$$00000002  c_w.l(libinit2.o)
    0x080001d8   0x080001d8   0x00000000   Code   RO         1978    .ARM.Collect$$libinit$$00000004  c_w.l(libinit2.o)
    0x080001d8   0x080001d8   0x00000000   Code   RO         1980    .ARM.Collect$$libinit$$00000006  c_w.l(libinit2.o)
    0x080001d8   0x080001d8   0x00000000   Code   RO         1983    .ARM.Collect$$libinit$$0000000C  c_w.l(libinit2.o)
    0x080001d8   0x080001d8   0x00000000   Code   RO         1985    .ARM.Collect$$libinit$$0000000E  c_w.l(libinit2.o)
    0x080001d8   0x080001d8   0x00000000   Code   RO         1987    .ARM.Collect$$libinit$$00000010  c_w.l(libinit2.o)
    0x080001d8   0x080001d8   0x00000006   Code   RO         1988    .ARM.Collect$$libinit$$00000011  c_w.l(libinit2.o)
    0x080001de   0x080001de   0x00000000   Code   RO         1990    .ARM.Collect$$libinit$$00000013  c_w.l(libinit2.o)
    0x080001de   0x080001de   0x0000000c   Code   RO         1991    .ARM.Collect$$libinit$$00000014  c_w.l(libinit2.o)
    0x080001ea   0x080001ea   0x00000000   Code   RO         1992    .ARM.Collect$$libinit$$00000015  c_w.l(libinit2.o)
    0x080001ea   0x080001ea   0x00000000   Code   RO         1994    .ARM.Collect$$libinit$$00000017  c_w.l(libinit2.o)
    0x080001ea   0x080001ea   0x0000000a   Code   RO         1995    .ARM.Collect$$libinit$$00000018  c_w.l(libinit2.o)
    0x080001f4   0x080001f4   0x00000000   Code   RO         1996    .ARM.Collect$$libinit$$00000019  c_w.l(libinit2.o)
    0x080001f4   0x080001f4   0x00000000   Code   RO         1998    .ARM.Collect$$libinit$$0000001B  c_w.l(libinit2.o)
    0x080001f4   0x080001f4   0x00000000   Code   RO         2000    .ARM.Collect$$libinit$$0000001D  c_w.l(libinit2.o)
    0x080001f4   0x080001f4   0x00000000   Code   RO         2002    .ARM.Collect$$libinit$$0000001F  c_w.l(libinit2.o)
    0x080001f4   0x080001f4   0x00000000   Code   RO         2004    .ARM.Collect$$libinit$$00000021  c_w.l(libinit2.o)
    0x080001f4   0x080001f4   0x00000000   Code   RO         2006    .ARM.Collect$$libinit$$00000023  c_w.l(libinit2.o)
    0x080001f4   0x080001f4   0x00000000   Code   RO         2008    .ARM.Collect$$libinit$$00000025  c_w.l(libinit2.o)
    0x080001f4   0x080001f4   0x00000000   Code   RO         2010    .ARM.Collect$$libinit$$00000027  c_w.l(libinit2.o)
    0x080001f4   0x080001f4   0x00000000   Code   RO         2014    .ARM.Collect$$libinit$$0000002E  c_w.l(libinit2.o)
    0x080001f4   0x080001f4   0x00000000   Code   RO         2016    .ARM.Collect$$libinit$$00000030  c_w.l(libinit2.o)
    0x080001f4   0x080001f4   0x00000000   Code   RO         2018    .ARM.Collect$$libinit$$00000032  c_w.l(libinit2.o)
    0x080001f4   0x080001f4   0x00000000   Code   RO         2020    .ARM.Collect$$libinit$$00000034  c_w.l(libinit2.o)
    0x080001f4   0x080001f4   0x00000002   Code   RO         2021    .ARM.Collect$$libinit$$00000035  c_w.l(libinit2.o)
    0x080001f6   0x080001f6   0x00000002   Code   RO         2117    .ARM.Collect$$libshutdown$$00000000  c_w.l(libshutdown.o)
    0x080001f8   0x080001f8   0x00000000   Code   RO         2140    .ARM.Collect$$libshutdown$$00000002  c_w.l(libshutdown2.o)
    0x080001f8   0x080001f8   0x00000000   Code   RO         2142    .ARM.Collect$$libshutdown$$00000004  c_w.l(libshutdown2.o)
    0x080001f8   0x080001f8   0x00000000   Code   RO         2145    .ARM.Collect$$libshutdown$$00000007  c_w.l(libshutdown2.o)
    0x080001f8   0x080001f8   0x00000000   Code   RO         2148    .ARM.Collect$$libshutdown$$0000000A  c_w.l(libshutdown2.o)
    0x080001f8   0x080001f8   0x00000000   Code   RO         2150    .ARM.Collect$$libshutdown$$0000000C  c_w.l(libshutdown2.o)
    0x080001f8   0x080001f8   0x00000000   Code   RO         2153    .ARM.Collect$$libshutdown$$0000000F  c_w.l(libshutdown2.o)
    0x080001f8   0x080001f8   0x00000002   Code   RO         2154    .ARM.Collect$$libshutdown$$00000010  c_w.l(libshutdown2.o)
    0x080001fa   0x080001fa   0x00000000   Code   RO         1874    .ARM.Collect$$rtentry$$00000000  c_w.l(__rtentry.o)
    0x080001fa   0x080001fa   0x00000000   Code   RO         1914    .ARM.Collect$$rtentry$$00000002  c_w.l(__rtentry2.o)
    0x080001fa   0x080001fa   0x00000006   Code   RO         1926    .ARM.Collect$$rtentry$$00000004  c_w.l(__rtentry4.o)
    0x08000200   0x08000200   0x00000000   Code   RO         1916    .ARM.Collect$$rtentry$$00000009  c_w.l(__rtentry2.o)
    0x08000200   0x08000200   0x00000004   Code   RO         1917    .ARM.Collect$$rtentry$$0000000A  c_w.l(__rtentry2.o)
    0x08000204   0x08000204   0x00000000   Code   RO         1919    .ARM.Collect$$rtentry$$0000000C  c_w.l(__rtentry2.o)
    0x08000204   0x08000204   0x00000008   Code   RO         1920    .ARM.Collect$$rtentry$$0000000D  c_w.l(__rtentry2.o)
    0x0800020c   0x0800020c   0x00000002   Code   RO         2022    .ARM.Collect$$rtexit$$00000000  c_w.l(rtexit.o)
    0x0800020e   0x0800020e   0x00000000   Code   RO         2077    .ARM.Collect$$rtexit$$00000002  c_w.l(rtexit2.o)
    0x0800020e   0x0800020e   0x00000004   Code   RO         2078    .ARM.Collect$$rtexit$$00000003  c_w.l(rtexit2.o)
    0x08000212   0x08000212   0x00000006   Code   RO         2079    .ARM.Collect$$rtexit$$00000004  c_w.l(rtexit2.o)
    0x08000218   0x08000218   0x00000040   Code   RO            4    .text               startup_stm32f103xb.o
    0x08000258   0x08000258   0x00000028   Code   RO         1799    .text               c_w.l(noretval__2sprintf.o)
    0x08000280   0x08000280   0x00000068   Code   RO         1801    .text               c_w.l(__printf.o)
    0x080002e8   0x080002e8   0x00000078   Code   RO         1803    .text               c_w.l(_printf_dec.o)
    0x08000360   0x08000360   0x0000001a   Code   RO         1827    .text               c_w.l(atoi.o)
    0x0800037a   0x0800037a   0x00000002   PAD
    0x0800037c   0x0800037c   0x0000000c   Code   RO         1829    .text               c_w.l(strtok.o)
    0x08000388   0x08000388   0x00000058   Code   RO         1832    .text               c_w.l(memcmp.o)
    0x080003e0   0x080003e0   0x0000003e   Code   RO         1834    .text               c_w.l(strlen.o)
    0x0800041e   0x0800041e   0x0000008a   Code   RO         1836    .text               c_w.l(rt_memcpy_v6.o)
    0x080004a8   0x080004a8   0x0000004e   Code   RO         1838    .text               c_w.l(rt_memclr_w.o)
    0x080004f6   0x080004f6   0x00000006   Code   RO         1840    .text               c_w.l(heapauxi.o)
    0x080004fc   0x080004fc   0x00000008   Code   RO         1878    .text               c_w.l(rt_errno_addr_intlibspace.o)
    0x08000504   0x08000504   0x00000016   Code   RO         1880    .text               c_w.l(_rserrno.o)
    0x0800051a   0x0800051a   0x000000b2   Code   RO         1882    .text               c_w.l(_printf_intcommon.o)
    0x080005cc   0x080005cc   0x00000030   Code   RO         1884    .text               c_w.l(_printf_char_common.o)
    0x080005fc   0x080005fc   0x0000000a   Code   RO         1886    .text               c_w.l(_sputc.o)
    0x08000606   0x08000606   0x00000002   PAD
    0x08000608   0x08000608   0x000000b0   Code   RO         1889    .text               c_w.l(strtod.o)
    0x080006b8   0x080006b8   0x00000070   Code   RO         1891    .text               c_w.l(strtol.o)
    0x08000728   0x08000728   0x00000044   Code   RO         1893    .text               c_w.l(strtok_int.o)
    0x0800076c   0x0800076c   0x00000064   Code   RO         1895    .text               c_w.l(rt_memcpy_w.o)
    0x080007d0   0x080007d0   0x00000008   Code   RO         1910    .text               c_w.l(libspace.o)
    0x080007d8   0x080007d8   0x00000010   Code   RO         1928    .text               c_w.l(rt_ctype_table.o)
    0x080007e8   0x080007e8   0x00000012   Code   RO         1930    .text               c_w.l(isspace.o)
    0x080007fa   0x080007fa   0x00000040   Code   RO         1934    .text               c_w.l(_sgetc.o)
    0x0800083a   0x0800083a   0x0000009e   Code   RO         1936    .text               c_w.l(_strtoul.o)
    0x080008d8   0x080008d8   0x00000020   Code   RO         1941    .text               c_w.l(strcspn.o)
    0x080008f8   0x080008f8   0x0000001c   Code   RO         1943    .text               c_w.l(strspn.o)
    0x08000914   0x08000914   0x0000004a   Code   RO         1949    .text               c_w.l(sys_stackheap_outer.o)
    0x0800095e   0x0800095e   0x00000002   PAD
    0x08000960   0x08000960   0x00000008   Code   RO         1954    .text               c_w.l(rt_locale_intlibspace.o)
    0x08000968   0x08000968   0x0000001c   Code   RO         1956    .text               c_w.l(_chval.o)
    0x08000984   0x08000984   0x000004f8   Code   RO         1958    .text               c_w.l(scanf_fp.o)
    0x08000e7c   0x08000e7c   0x00000012   Code   RO         1965    .text               c_w.l(exit.o)
    0x08000e8e   0x08000e8e   0x00000002   PAD
    0x08000e90   0x08000e90   0x00000080   Code   RO         1967    .text               c_w.l(strcmpv7m.o)
    0x08000f10   0x08000f10   0x00000026   Code   RO         2024    .text               c_w.l(llshl.o)
    0x08000f36   0x08000f36   0x00000002   PAD
    0x08000f38   0x08000f38   0x000000e4   Code   RO         2026    .text               c_w.l(bigflt0.o)
    0x0800101c   0x0800101c   0x00000320   Code   RO         2083    .text               c_w.l(scanf_hexfp.o)
    0x0800133c   0x0800133c   0x00000134   Code   RO         2085    .text               c_w.l(scanf_infnan.o)
    0x08001470   0x08001470   0x0000000c   Code   RO         2103    .text               c_w.l(sys_exit.o)
    0x0800147c   0x0800147c   0x00000002   Code   RO         2130    .text               c_w.l(use_no_semi.o)
    0x0800147e   0x0800147e   0x00000000   Code   RO         2132    .text               c_w.l(indicate_semi.o)
    0x0800147e   0x0800147e   0x00000002   Code   RO           44    .text.BusFault_Handler  stm32f1xx_it.o
    0x08001480   0x08001480   0x00000004   Code   RO          161    .text.CDC_Control_FS  usbd_cdc_if.o
    0x08001484   0x08001484   0x00000004   Code   RO          159    .text.CDC_DeInit_FS  usbd_cdc_if.o
    0x08001488   0x08001488   0x00000024   Code   RO          157    .text.CDC_Init_FS   usbd_cdc_if.o
    0x080014ac   0x080014ac   0x00000124   Code   RO          163    .text.CDC_Receive_FS  usbd_cdc_if.o
    0x080015d0   0x080015d0   0x0000002c   Code   RO          165    .text.CDC_Transmit_FS  usbd_cdc_if.o
    0x080015fc   0x080015fc   0x00000002   Code   RO           50    .text.DebugMon_Handler  stm32f1xx_it.o
    0x080015fe   0x080015fe   0x00000008   Code   RO           19    .text.Error_Handler  main.o
    0x08001606   0x08001606   0x00000002   PAD
    0x08001608   0x08001608   0x00000024   Code   RO          481    .text.HAL_Delay     stm32f1xx_hal.o
    0x0800162c   0x0800162c   0x000001ac   Code   RO          579    .text.HAL_GPIO_Init  stm32f1xx_hal_gpio.o
    0x080017d8   0x080017d8   0x00000010   Code   RO          587    .text.HAL_GPIO_TogglePin  stm32f1xx_hal_gpio.o
    0x080017e8   0x080017e8   0x0000000a   Code   RO          585    .text.HAL_GPIO_WritePin  stm32f1xx_hal_gpio.o
    0x080017f2   0x080017f2   0x00000002   PAD
    0x080017f4   0x080017f4   0x00000008   Code   RO          473    .text.HAL_GetTick   stm32f1xx_hal.o
    0x080017fc   0x080017fc   0x00000124   Code   RO          820    .text.HAL_I2C_Init  stm32f1xx_hal_i2c.o
    0x08001920   0x08001920   0x00000148   Code   RO          828    .text.HAL_I2C_Master_Transmit  stm32f1xx_hal_i2c.o
    0x08001a68   0x08001a68   0x00000060   Code   RO           69    .text.HAL_I2C_MspInit  stm32f1xx_hal_msp.o
    0x08001ac8   0x08001ac8   0x00000014   Code   RO          471    .text.HAL_IncTick   stm32f1xx_hal.o
    0x08001adc   0x08001adc   0x00000024   Code   RO          461    .text.HAL_Init      stm32f1xx_hal.o
    0x08001b00   0x08001b00   0x00000040   Code   RO          463    .text.HAL_InitTick  stm32f1xx_hal.o
    0x08001b40   0x08001b40   0x00000040   Code   RO           67    .text.HAL_MspInit   stm32f1xx_hal_msp.o
    0x08001b80   0x08001b80   0x00000018   Code   RO          645    .text.HAL_NVIC_EnableIRQ  stm32f1xx_hal_cortex.o
    0x08001b98   0x08001b98   0x0000004c   Code   RO          643    .text.HAL_NVIC_SetPriority  stm32f1xx_hal_cortex.o
    0x08001be4   0x08001be4   0x00000020   Code   RO          641    .text.HAL_NVIC_SetPriorityGrouping  stm32f1xx_hal_cortex.o
    0x08001c04   0x08001c04   0x00000038   Code   RO          367    .text.HAL_PCDEx_PMAConfig  stm32f1xx_hal_pcd_ex.o
    0x08001c3c   0x08001c3c   0x00000002   Code   RO          245    .text.HAL_PCDEx_SetConnectionState  usbd_conf.o
    0x08001c3e   0x08001c3e   0x00000012   Code   RO          191    .text.HAL_PCD_DataInStageCallback  usbd_conf.o
    0x08001c50   0x08001c50   0x00000014   Code   RO          189    .text.HAL_PCD_DataOutStageCallback  usbd_conf.o
    0x08001c64   0x08001c64   0x00000040   Code   RO          317    .text.HAL_PCD_EP_Close  stm32f1xx_hal_pcd.o
    0x08001ca4   0x08001ca4   0x0000005a   Code   RO          327    .text.HAL_PCD_EP_ClrStall  stm32f1xx_hal_pcd.o
    0x08001cfe   0x08001cfe   0x00000012   Code   RO          321    .text.HAL_PCD_EP_GetRxCount  stm32f1xx_hal_pcd.o
    0x08001d10   0x08001d10   0x00000050   Code   RO          315    .text.HAL_PCD_EP_Open  stm32f1xx_hal_pcd.o
    0x08001d60   0x08001d60   0x0000002c   Code   RO          319    .text.HAL_PCD_EP_Receive  stm32f1xx_hal_pcd.o
    0x08001d8c   0x08001d8c   0x0000005e   Code   RO          325    .text.HAL_PCD_EP_SetStall  stm32f1xx_hal_pcd.o
    0x08001dea   0x08001dea   0x0000002e   Code   RO          323    .text.HAL_PCD_EP_Transmit  stm32f1xx_hal_pcd.o
    0x08001e18   0x08001e18   0x00000798   Code   RO          283    .text.HAL_PCD_IRQHandler  stm32f1xx_hal_pcd.o
    0x080025b0   0x080025b0   0x000000b0   Code   RO          271    .text.HAL_PCD_Init  stm32f1xx_hal_pcd.o
    0x08002660   0x08002660   0x0000003c   Code   RO          183    .text.HAL_PCD_MspInit  usbd_conf.o
    0x0800269c   0x0800269c   0x00000024   Code   RO          195    .text.HAL_PCD_ResetCallback  usbd_conf.o
    0x080026c0   0x080026c0   0x00000008   Code   RO          199    .text.HAL_PCD_ResumeCallback  usbd_conf.o
    0x080026c8   0x080026c8   0x00000008   Code   RO          193    .text.HAL_PCD_SOFCallback  usbd_conf.o
    0x080026d0   0x080026d0   0x0000001a   Code   RO          287    .text.HAL_PCD_SetAddress  stm32f1xx_hal_pcd.o
    0x080026ea   0x080026ea   0x0000000e   Code   RO          187    .text.HAL_PCD_SetupStageCallback  usbd_conf.o
    0x080026f8   0x080026f8   0x00000026   Code   RO          279    .text.HAL_PCD_Start  stm32f1xx_hal_pcd.o
    0x0800271e   0x0800271e   0x00000002   PAD
    0x08002720   0x08002720   0x00000020   Code   RO          197    .text.HAL_PCD_SuspendCallback  usbd_conf.o
    0x08002740   0x08002740   0x0000014c   Code   RO          529    .text.HAL_RCC_ClockConfig  stm32f1xx_hal_rcc.o
    0x0800288c   0x0800288c   0x0000001c   Code   RO          541    .text.HAL_RCC_GetPCLK1Freq  stm32f1xx_hal_rcc.o
    0x080028a8   0x080028a8   0x00000054   Code   RO          531    .text.HAL_RCC_GetSysClockFreq  stm32f1xx_hal_rcc.o
    0x080028fc   0x080028fc   0x00000314   Code   RO          527    .text.HAL_RCC_OscConfig  stm32f1xx_hal_rcc.o
    0x08002c10   0x08002c10   0x00000028   Code   RO          653    .text.HAL_SYSTICK_Config  stm32f1xx_hal_cortex.o
    0x08002c38   0x08002c38   0x00000002   Code   RO         1569    .text.HAL_TIMEx_BreakCallback  stm32f1xx_hal_tim_ex.o
    0x08002c3a   0x08002c3a   0x00000002   Code   RO         1565    .text.HAL_TIMEx_CommutCallback  stm32f1xx_hal_tim_ex.o
    0x08002c3c   0x08002c3c   0x0000004e   Code   RO         1561    .text.HAL_TIMEx_ConfigBreakDeadTime  stm32f1xx_hal_tim_ex.o
    0x08002c8a   0x08002c8a   0x00000002   PAD
    0x08002c8c   0x08002c8c   0x00000058   Code   RO         1559    .text.HAL_TIMEx_MasterConfigSynchronization  stm32f1xx_hal_tim_ex.o
    0x08002ce4   0x08002ce4   0x00000024   Code   RO         1130    .text.HAL_TIM_Base_Init  stm32f1xx_hal_tim.o
    0x08002d08   0x08002d08   0x00000038   Code   RO           77    .text.HAL_TIM_Base_MspInit  stm32f1xx_hal_msp.o
    0x08002d40   0x08002d40   0x00000058   Code   RO         1144    .text.HAL_TIM_Base_Start_IT  stm32f1xx_hal_tim.o
    0x08002d98   0x08002d98   0x000000ce   Code   RO         1318    .text.HAL_TIM_ConfigClockSource  stm32f1xx_hal_tim.o
    0x08002e66   0x08002e66   0x00000096   Code   RO         1244    .text.HAL_TIM_Encoder_Init  stm32f1xx_hal_tim.o
    0x08002efc   0x08002efc   0x00000054   Code   RO           75    .text.HAL_TIM_Encoder_MspInit  stm32f1xx_hal_msp.o
    0x08002f50   0x08002f50   0x0000005a   Code   RO         1252    .text.HAL_TIM_Encoder_Start  stm32f1xx_hal_tim.o
    0x08002faa   0x08002faa   0x00000002   Code   RO         1266    .text.HAL_TIM_IC_CaptureCallback  stm32f1xx_hal_tim.o
    0x08002fac   0x08002fac   0x0000010a   Code   RO         1264    .text.HAL_TIM_IRQHandler  stm32f1xx_hal_tim.o
    0x080030b6   0x080030b6   0x00000002   Code   RO         1268    .text.HAL_TIM_OC_DelayElapsedCallback  stm32f1xx_hal_tim.o
    0x080030b8   0x080030b8   0x00000088   Code   RO         1292    .text.HAL_TIM_PWM_ConfigChannel  stm32f1xx_hal_tim.o
    0x08003140   0x08003140   0x00000024   Code   RO         1184    .text.HAL_TIM_PWM_Init  stm32f1xx_hal_tim.o
    0x08003164   0x08003164   0x00000028   Code   RO           73    .text.HAL_TIM_PWM_MspInit  stm32f1xx_hal_msp.o
    0x0800318c   0x0800318c   0x00000002   Code   RO         1270    .text.HAL_TIM_PWM_PulseFinishedCallback  stm32f1xx_hal_tim.o
    0x0800318e   0x0800318e   0x00000002   PAD
    0x08003190   0x08003190   0x00000088   Code   RO         1192    .text.HAL_TIM_PWM_Start  stm32f1xx_hal_tim.o
    0x08003218   0x08003218   0x00000014   Code   RO           13    .text.HAL_TIM_PeriodElapsedCallback  main.o
    0x0800322c   0x0800322c   0x00000002   Code   RO         1274    .text.HAL_TIM_TriggerCallback  stm32f1xx_hal_tim.o
    0x0800322e   0x0800322e   0x00000002   Code   RO           40    .text.HardFault_Handler  stm32f1xx_it.o
    0x08003230   0x08003230   0x00000030   Code   RO          942    .text.I2C_IsAcknowledgeFailed  stm32f1xx_hal_i2c.o
    0x08003260   0x08003260   0x00000048   Code   RO          834    .text.I2C_WaitOnBTFFlagUntilTimeout  stm32f1xx_hal_i2c.o
    0x080032a8   0x080032a8   0x0000005e   Code   RO          830    .text.I2C_WaitOnFlagUntilTimeout  stm32f1xx_hal_i2c.o
    0x08003306   0x08003306   0x00000062   Code   RO          940    .text.I2C_WaitOnMasterAddressFlagUntilTimeout  stm32f1xx_hal_i2c.o
    0x08003368   0x08003368   0x00000048   Code   RO          832    .text.I2C_WaitOnTXEFlagUntilTimeout  stm32f1xx_hal_i2c.o
    0x080033b0   0x080033b0   0x0000002a   Code   RO          140    .text.IntToUnicode  usbd_desc.o
    0x080033da   0x080033da   0x00000002   PAD
    0x080033dc   0x080033dc   0x00000050   Code   RO          117    .text.MX_USB_DEVICE_Init  usb_device.o
    0x0800342c   0x0800342c   0x00000002   Code   RO           42    .text.MemManage_Handler  stm32f1xx_it.o
    0x0800342e   0x0800342e   0x00000002   Code   RO           38    .text.NMI_Handler   stm32f1xx_it.o
    0x08003430   0x08003430   0x0000000a   Code   RO           21    .text.OUTLINED_FUNCTION_0  main.o
    0x0800343a   0x0800343a   0x00000014   Code   RO          107    .text.OUTLINED_FUNCTION_0  i2c-lcd.o
    0x0800344e   0x0800344e   0x00000006   Code   RO          142    .text.OUTLINED_FUNCTION_0  usbd_desc.o
    0x08003454   0x08003454   0x00000008   Code   RO          167    .text.OUTLINED_FUNCTION_0  usbd_cdc_if.o
    0x0800345c   0x0800345c   0x0000000e   Code   RO          339    .text.OUTLINED_FUNCTION_0  stm32f1xx_hal_pcd.o
    0x0800346a   0x0800346a   0x00000008   Code   RO          439    .text.OUTLINED_FUNCTION_0  stm32f1xx_ll_usb.o
    0x08003472   0x08003472   0x0000000e   Code   RO          553    .text.OUTLINED_FUNCTION_0  stm32f1xx_hal_rcc.o
    0x08003480   0x08003480   0x00000026   Code   RO         1362    .text.OUTLINED_FUNCTION_0  stm32f1xx_hal_tim.o
    0x080034a6   0x080034a6   0x0000000c   Code   RO         1710    .text.OUTLINED_FUNCTION_0  usbd_ctlreq.o
    0x080034b2   0x080034b2   0x00000006   Code   RO          169    .text.OUTLINED_FUNCTION_1  usbd_cdc_if.o
    0x080034b8   0x080034b8   0x00000008   Code   RO          341    .text.OUTLINED_FUNCTION_1  stm32f1xx_hal_pcd.o
    0x080034c0   0x080034c0   0x00000016   Code   RO          441    .text.OUTLINED_FUNCTION_1  stm32f1xx_ll_usb.o
    0x080034d6   0x080034d6   0x0000000a   Code   RO          555    .text.OUTLINED_FUNCTION_1  stm32f1xx_hal_rcc.o
    0x080034e0   0x080034e0   0x00000012   Code   RO          675    .text.OUTLINED_FUNCTION_1  stm32f1xx_hal_cortex.o
    0x080034f2   0x080034f2   0x00000006   Code   RO         1712    .text.OUTLINED_FUNCTION_1  usbd_ctlreq.o
    0x080034f8   0x080034f8   0x00000016   Code   RO         1382    .text.OUTLINED_FUNCTION_10  stm32f1xx_hal_tim.o
    0x0800350e   0x0800350e   0x0000000a   Code   RO          966    .text.OUTLINED_FUNCTION_11  stm32f1xx_hal_i2c.o
    0x08003518   0x08003518   0x0000000c   Code   RO          968    .text.OUTLINED_FUNCTION_12  stm32f1xx_hal_i2c.o
    0x08003524   0x08003524   0x0000000a   Code   RO         1388    .text.OUTLINED_FUNCTION_13  stm32f1xx_hal_tim.o
    0x0800352e   0x0800352e   0x0000000a   Code   RO          974    .text.OUTLINED_FUNCTION_15  stm32f1xx_hal_i2c.o
    0x08003538   0x08003538   0x0000000a   Code   RO         1392    .text.OUTLINED_FUNCTION_15  stm32f1xx_hal_tim.o
    0x08003542   0x08003542   0x0000000a   Code   RO          978    .text.OUTLINED_FUNCTION_17  stm32f1xx_hal_i2c.o
    0x0800354c   0x0800354c   0x0000000a   Code   RO          343    .text.OUTLINED_FUNCTION_2  stm32f1xx_hal_pcd.o
    0x08003556   0x08003556   0x0000000a   Code   RO          443    .text.OUTLINED_FUNCTION_2  stm32f1xx_ll_usb.o
    0x08003560   0x08003560   0x00000010   Code   RO          948    .text.OUTLINED_FUNCTION_2  stm32f1xx_hal_i2c.o
    0x08003570   0x08003570   0x0000000e   Code   RO         1366    .text.OUTLINED_FUNCTION_2  stm32f1xx_hal_tim.o
    0x0800357e   0x0800357e   0x00000006   Code   RO         1714    .text.OUTLINED_FUNCTION_2  usbd_ctlreq.o
    0x08003584   0x08003584   0x0000000a   Code   RO         1402    .text.OUTLINED_FUNCTION_20  stm32f1xx_hal_tim.o
    0x0800358e   0x0800358e   0x00000010   Code   RO         1404    .text.OUTLINED_FUNCTION_21  stm32f1xx_hal_tim.o
    0x0800359e   0x0800359e   0x00000008   Code   RO         1412    .text.OUTLINED_FUNCTION_25  stm32f1xx_hal_tim.o
    0x080035a6   0x080035a6   0x0000000a   Code   RO         1414    .text.OUTLINED_FUNCTION_26  stm32f1xx_hal_tim.o
    0x080035b0   0x080035b0   0x0000000a   Code   RO         1416    .text.OUTLINED_FUNCTION_27  stm32f1xx_hal_tim.o
    0x080035ba   0x080035ba   0x0000000a   Code   RO         1418    .text.OUTLINED_FUNCTION_28  stm32f1xx_hal_tim.o
    0x080035c4   0x080035c4   0x00000016   Code   RO          345    .text.OUTLINED_FUNCTION_3  stm32f1xx_hal_pcd.o
    0x080035da   0x080035da   0x00000010   Code   RO          445    .text.OUTLINED_FUNCTION_3  stm32f1xx_ll_usb.o
    0x080035ea   0x080035ea   0x0000000a   Code   RO         1716    .text.OUTLINED_FUNCTION_3  usbd_ctlreq.o
    0x080035f4   0x080035f4   0x0000000a   Code   RO         1012    .text.OUTLINED_FUNCTION_34  stm32f1xx_hal_i2c.o
    0x080035fe   0x080035fe   0x00000018   Code   RO         1430    .text.OUTLINED_FUNCTION_34  stm32f1xx_hal_tim.o
    0x08003616   0x08003616   0x0000000a   Code   RO         1436    .text.OUTLINED_FUNCTION_37  stm32f1xx_hal_tim.o
    0x08003620   0x08003620   0x00000006   Code   RO         1438    .text.OUTLINED_FUNCTION_38  stm32f1xx_hal_tim.o
    0x08003626   0x08003626   0x0000000a   Code   RO          347    .text.OUTLINED_FUNCTION_4  stm32f1xx_hal_pcd.o
    0x08003630   0x08003630   0x0000000e   Code   RO          447    .text.OUTLINED_FUNCTION_4  stm32f1xx_ll_usb.o
    0x0800363e   0x0800363e   0x0000000e   Code   RO         1370    .text.OUTLINED_FUNCTION_4  stm32f1xx_hal_tim.o
    0x0800364c   0x0800364c   0x00000008   Code   RO         1718    .text.OUTLINED_FUNCTION_4  usbd_ctlreq.o
    0x08003654   0x08003654   0x00000016   Code   RO         1024    .text.OUTLINED_FUNCTION_40  stm32f1xx_hal_i2c.o
    0x0800366a   0x0800366a   0x00000008   Code   RO         1026    .text.OUTLINED_FUNCTION_41  stm32f1xx_hal_i2c.o
    0x08003672   0x08003672   0x00000014   Code   RO         1444    .text.OUTLINED_FUNCTION_41  stm32f1xx_hal_tim.o
    0x08003686   0x08003686   0x00000008   Code   RO         1028    .text.OUTLINED_FUNCTION_42  stm32f1xx_hal_i2c.o
    0x0800368e   0x0800368e   0x00000016   Code   RO         1030    .text.OUTLINED_FUNCTION_43  stm32f1xx_hal_i2c.o
    0x080036a4   0x080036a4   0x0000000c   Code   RO         1448    .text.OUTLINED_FUNCTION_43  stm32f1xx_hal_tim.o
    0x080036b0   0x080036b0   0x0000000a   Code   RO         1450    .text.OUTLINED_FUNCTION_44  stm32f1xx_hal_tim.o
    0x080036ba   0x080036ba   0x0000000a   Code   RO         1452    .text.OUTLINED_FUNCTION_45  stm32f1xx_hal_tim.o
    0x080036c4   0x080036c4   0x0000000a   Code   RO         1036    .text.OUTLINED_FUNCTION_46  stm32f1xx_hal_i2c.o
    0x080036ce   0x080036ce   0x00000008   Code   RO         1040    .text.OUTLINED_FUNCTION_48  stm32f1xx_hal_i2c.o
    0x080036d6   0x080036d6   0x00000014   Code   RO          349    .text.OUTLINED_FUNCTION_5  stm32f1xx_hal_pcd.o
    0x080036ea   0x080036ea   0x0000000e   Code   RO          449    .text.OUTLINED_FUNCTION_5  stm32f1xx_ll_usb.o
    0x080036f8   0x080036f8   0x00000008   Code   RO         1044    .text.OUTLINED_FUNCTION_50  stm32f1xx_hal_i2c.o
    0x08003700   0x08003700   0x00000008   Code   RO         1462    .text.OUTLINED_FUNCTION_50  stm32f1xx_hal_tim.o
    0x08003708   0x08003708   0x00000010   Code   RO         1464    .text.OUTLINED_FUNCTION_51  stm32f1xx_hal_tim.o
    0x08003718   0x08003718   0x00000006   Code   RO         1466    .text.OUTLINED_FUNCTION_52  stm32f1xx_hal_tim.o
    0x0800371e   0x0800371e   0x0000000a   Code   RO         1050    .text.OUTLINED_FUNCTION_53  stm32f1xx_hal_i2c.o
    0x08003728   0x08003728   0x0000000c   Code   RO         1054    .text.OUTLINED_FUNCTION_55  stm32f1xx_hal_i2c.o
    0x08003734   0x08003734   0x0000000a   Code   RO         1472    .text.OUTLINED_FUNCTION_55  stm32f1xx_hal_tim.o
    0x0800373e   0x0800373e   0x00000008   Code   RO         1056    .text.OUTLINED_FUNCTION_56  stm32f1xx_hal_i2c.o
    0x08003746   0x08003746   0x0000000a   Code   RO         1478    .text.OUTLINED_FUNCTION_58  stm32f1xx_hal_tim.o
    0x08003750   0x08003750   0x00000012   Code   RO          351    .text.OUTLINED_FUNCTION_6  stm32f1xx_hal_pcd.o
    0x08003762   0x08003762   0x0000000a   Code   RO         1064    .text.OUTLINED_FUNCTION_60  stm32f1xx_hal_i2c.o
    0x0800376c   0x0800376c   0x00000012   Code   RO         1074    .text.OUTLINED_FUNCTION_65  stm32f1xx_hal_i2c.o
    0x0800377e   0x0800377e   0x00000018   Code   RO          353    .text.OUTLINED_FUNCTION_7  stm32f1xx_hal_pcd.o
    0x08003796   0x08003796   0x0000000e   Code   RO          958    .text.OUTLINED_FUNCTION_7  stm32f1xx_hal_i2c.o
    0x080037a4   0x080037a4   0x00000010   Code   RO         1088    .text.OUTLINED_FUNCTION_72  stm32f1xx_hal_i2c.o
    0x080037b4   0x080037b4   0x0000000a   Code   RO         1092    .text.OUTLINED_FUNCTION_74  stm32f1xx_hal_i2c.o
    0x080037be   0x080037be   0x00000008   Code   RO          355    .text.OUTLINED_FUNCTION_8  stm32f1xx_hal_pcd.o
    0x080037c6   0x080037c6   0x0000000e   Code   RO         1112    .text.OUTLINED_FUNCTION_84  stm32f1xx_hal_i2c.o
    0x080037d4   0x080037d4   0x00000008   Code   RO         1116    .text.OUTLINED_FUNCTION_86  stm32f1xx_hal_i2c.o
    0x080037dc   0x080037dc   0x00000008   Code   RO         1118    .text.OUTLINED_FUNCTION_87  stm32f1xx_hal_i2c.o
    0x080037e4   0x080037e4   0x00000006   Code   RO          357    .text.OUTLINED_FUNCTION_9  stm32f1xx_hal_pcd.o
    0x080037ea   0x080037ea   0x00000002   PAD
    0x080037ec   0x080037ec   0x000001c8   Code   RO           11    .text.PID_Compute   main.o
    0x080039b4   0x080039b4   0x00000002   Code   RO           52    .text.PendSV_Handler  stm32f1xx_it.o
    0x080039b6   0x080039b6   0x00000002   Code   RO           48    .text.SVC_Handler   stm32f1xx_it.o
    0x080039b8   0x080039b8   0x00000004   Code   RO           54    .text.SysTick_Handler  stm32f1xx_it.o
    0x080039bc   0x080039bc   0x0000005e   Code   RO           17    .text.SystemClock_Config  main.o
    0x08003a1a   0x08003a1a   0x00000002   Code   RO         1635    .text.SystemInit    system_stm32f1xx.o
    0x08003a1c   0x08003a1c   0x0000000c   Code   RO           58    .text.TIM3_IRQHandler  stm32f1xx_it.o
    0x08003a28   0x08003a28   0x00000080   Code   RO         1134    .text.TIM_Base_SetConfig  stm32f1xx_hal_tim.o
    0x08003aa8   0x08003aa8   0x0000001e   Code   RO         1168    .text.TIM_CCxChannelCmd  stm32f1xx_hal_tim.o
    0x08003ac6   0x08003ac6   0x00000002   PAD
    0x08003ac8   0x08003ac8   0x0000004c   Code   RO         1278    .text.TIM_OC1_SetConfig  stm32f1xx_hal_tim.o
    0x08003b14   0x08003b14   0x00000058   Code   RO         1280    .text.TIM_OC2_SetConfig  stm32f1xx_hal_tim.o
    0x08003b6c   0x08003b6c   0x00000054   Code   RO         1282    .text.TIM_OC3_SetConfig  stm32f1xx_hal_tim.o
    0x08003bc0   0x08003bc0   0x00000044   Code   RO         1284    .text.TIM_OC4_SetConfig  stm32f1xx_hal_tim.o
    0x08003c04   0x08003c04   0x00000022   Code   RO         1320    .text.TIM_TI1_ConfigInputStage  stm32f1xx_hal_tim.o
    0x08003c26   0x08003c26   0x00000024   Code   RO         1322    .text.TIM_TI2_ConfigInputStage  stm32f1xx_hal_tim.o
    0x08003c4a   0x08003c4a   0x0000004a   Code   RO         1759    .text.USBD_CDC_DataIn  usbd_cdc.o
    0x08003c94   0x08003c94   0x0000002e   Code   RO         1761    .text.USBD_CDC_DataOut  usbd_cdc.o
    0x08003cc2   0x08003cc2   0x00000002   PAD
    0x08003cc4   0x08003cc4   0x00000044   Code   RO         1753    .text.USBD_CDC_DeInit  usbd_cdc.o
    0x08003d08   0x08003d08   0x0000002c   Code   RO         1757    .text.USBD_CDC_EP0_RxReady  usbd_cdc.o
    0x08003d34   0x08003d34   0x0000000c   Code   RO         1769    .text.USBD_CDC_GetDeviceQualifierDescriptor  usbd_cdc.o
    0x08003d40   0x08003d40   0x0000000c   Code   RO         1765    .text.USBD_CDC_GetFSCfgDesc  usbd_cdc.o
    0x08003d4c   0x08003d4c   0x0000000c   Code   RO         1763    .text.USBD_CDC_GetHSCfgDesc  usbd_cdc.o
    0x08003d58   0x08003d58   0x0000000c   Code   RO         1767    .text.USBD_CDC_GetOtherSpeedCfgDesc  usbd_cdc.o
    0x08003d64   0x08003d64   0x00000084   Code   RO         1751    .text.USBD_CDC_Init  usbd_cdc.o
    0x08003de8   0x08003de8   0x00000026   Code   RO         1779    .text.USBD_CDC_ReceivePacket  usbd_cdc.o
    0x08003e0e   0x08003e0e   0x0000000e   Code   RO         1771    .text.USBD_CDC_RegisterInterface  usbd_cdc.o
    0x08003e1c   0x08003e1c   0x0000000c   Code   RO         1775    .text.USBD_CDC_SetRxBuffer  usbd_cdc.o
    0x08003e28   0x08003e28   0x00000010   Code   RO         1773    .text.USBD_CDC_SetTxBuffer  usbd_cdc.o
    0x08003e38   0x08003e38   0x000000b0   Code   RO         1755    .text.USBD_CDC_Setup  usbd_cdc.o
    0x08003ee8   0x08003ee8   0x00000034   Code   RO         1777    .text.USBD_CDC_TransmitPacket  usbd_cdc.o
    0x08003f1c   0x08003f1c   0x0000000e   Code   RO         1664    .text.USBD_ClrClassConfig  usbd_core.o
    0x08003f2a   0x08003f2a   0x00000010   Code   RO         1735    .text.USBD_CtlContinueRx  usbd_ioreq.o
    0x08003f3a   0x08003f3a   0x00000010   Code   RO         1731    .text.USBD_CtlContinueSendData  usbd_ioreq.o
    0x08003f4a   0x08003f4a   0x00000016   Code   RO         1700    .text.USBD_CtlError  usbd_ctlreq.o
    0x08003f60   0x08003f60   0x0000001a   Code   RO         1733    .text.USBD_CtlPrepareRx  usbd_ioreq.o
    0x08003f7a   0x08003f7a   0x00000016   Code   RO         1739    .text.USBD_CtlReceiveStatus  usbd_ioreq.o
    0x08003f90   0x08003f90   0x0000001a   Code   RO         1729    .text.USBD_CtlSendData  usbd_ioreq.o
    0x08003faa   0x08003faa   0x00000016   Code   RO         1737    .text.USBD_CtlSendStatus  usbd_ioreq.o
    0x08003fc0   0x08003fc0   0x0000001c   Code   RO          136    .text.USBD_FS_ConfigStrDescriptor  usbd_desc.o
    0x08003fdc   0x08003fdc   0x0000000c   Code   RO          126    .text.USBD_FS_DeviceDescriptor  usbd_desc.o
    0x08003fe8   0x08003fe8   0x00000020   Code   RO          138    .text.USBD_FS_InterfaceStrDescriptor  usbd_desc.o
    0x08004008   0x08004008   0x0000000c   Code   RO          128    .text.USBD_FS_LangIDStrDescriptor  usbd_desc.o
    0x08004014   0x08004014   0x00000024   Code   RO          130    .text.USBD_FS_ManufacturerStrDescriptor  usbd_desc.o
    0x08004038   0x08004038   0x0000002c   Code   RO          132    .text.USBD_FS_ProductStrDescriptor  usbd_desc.o
    0x08004064   0x08004064   0x00000034   Code   RO          134    .text.USBD_FS_SerialStrDescriptor  usbd_desc.o
    0x08004098   0x08004098   0x00000042   Code   RO         1708    .text.USBD_GetString  usbd_ctlreq.o
    0x080040da   0x080040da   0x00000002   PAD
    0x080040dc   0x080040dc   0x00000018   Code   RO          213    .text.USBD_Get_USB_Status  usbd_conf.o
    0x080040f4   0x080040f4   0x0000002a   Code   RO         1650    .text.USBD_Init     usbd_core.o
    0x0800411e   0x0800411e   0x00000012   Code   RO          227    .text.USBD_LL_ClearStallEP  usbd_conf.o
    0x08004130   0x08004130   0x00000012   Code   RO          221    .text.USBD_LL_CloseEP  usbd_conf.o
    0x08004142   0x08004142   0x000000be   Code   RO         1670    .text.USBD_LL_DataInStage  usbd_core.o
    0x08004200   0x08004200   0x0000007e   Code   RO         1668    .text.USBD_LL_DataOutStage  usbd_core.o
    0x0800427e   0x0800427e   0x00000008   Code   RO          237    .text.USBD_LL_GetRxDataSize  usbd_conf.o
    0x08004286   0x08004286   0x00000002   PAD
    0x08004288   0x08004288   0x0000007c   Code   RO          209    .text.USBD_LL_Init  usbd_conf.o
    0x08004304   0x08004304   0x0000002a   Code   RO          229    .text.USBD_LL_IsStallEP  usbd_conf.o
    0x0800432e   0x0800432e   0x00000018   Code   RO          219    .text.USBD_LL_OpenEP  usbd_conf.o
    0x08004346   0x08004346   0x00000012   Code   RO          235    .text.USBD_LL_PrepareReceive  usbd_conf.o
    0x08004358   0x08004358   0x00000050   Code   RO         1672    .text.USBD_LL_Reset  usbd_core.o
    0x080043a8   0x080043a8   0x00000014   Code   RO         1678    .text.USBD_LL_Resume  usbd_core.o
    0x080043bc   0x080043bc   0x0000001c   Code   RO         1680    .text.USBD_LL_SOF   usbd_core.o
    0x080043d8   0x080043d8   0x00000006   Code   RO         1674    .text.USBD_LL_SetSpeed  usbd_core.o
    0x080043de   0x080043de   0x00000012   Code   RO          231    .text.USBD_LL_SetUSBAddress  usbd_conf.o
    0x080043f0   0x080043f0   0x00000056   Code   RO         1666    .text.USBD_LL_SetupStage  usbd_core.o
    0x08004446   0x08004446   0x00000012   Code   RO          225    .text.USBD_LL_StallEP  usbd_conf.o
    0x08004458   0x08004458   0x00000012   Code   RO          215    .text.USBD_LL_Start  usbd_conf.o
    0x0800446a   0x0800446a   0x00000012   Code   RO         1676    .text.USBD_LL_Suspend  usbd_core.o
    0x0800447c   0x0800447c   0x00000012   Code   RO          233    .text.USBD_LL_Transmit  usbd_conf.o
    0x0800448e   0x0800448e   0x00000016   Code   RO         1706    .text.USBD_ParseSetupRequest  usbd_ctlreq.o
    0x080044a4   0x080044a4   0x0000000e   Code   RO         1654    .text.USBD_RegisterClass  usbd_core.o
    0x080044b2   0x080044b2   0x0000001a   Code   RO         1662    .text.USBD_SetClassConfig  usbd_core.o
    0x080044cc   0x080044cc   0x0000000a   Code   RO         1656    .text.USBD_Start    usbd_core.o
    0x080044d6   0x080044d6   0x00000002   PAD
    0x080044d8   0x080044d8   0x00000250   Code   RO         1698    .text.USBD_StdDevReq  usbd_ctlreq.o
    0x08004728   0x08004728   0x00000126   Code   RO         1704    .text.USBD_StdEPReq  usbd_ctlreq.o
    0x0800484e   0x0800484e   0x0000003a   Code   RO         1702    .text.USBD_StdItfReq  usbd_ctlreq.o
    0x08004888   0x08004888   0x00000002   Code   RO          243    .text.USBD_static_free  usbd_conf.o
    0x0800488a   0x0800488a   0x00000002   PAD
    0x0800488c   0x0800488c   0x00000008   Code   RO          241    .text.USBD_static_malloc  usbd_conf.o
    0x08004894   0x08004894   0x0000023c   Code   RO          397    .text.USB_ActivateEndpoint  stm32f1xx_ll_usb.o
    0x08004ad0   0x08004ad0   0x00000004   Code   RO          383    .text.USB_CoreInit  stm32f1xx_ll_usb.o
    0x08004ad4   0x08004ad4   0x000000b2   Code   RO          399    .text.USB_DeactivateEndpoint  stm32f1xx_ll_usb.o
    0x08004b86   0x08004b86   0x00000004   Code   RO          415    .text.USB_DevConnect  stm32f1xx_ll_usb.o
    0x08004b8a   0x08004b8a   0x00000004   Code   RO          417    .text.USB_DevDisconnect  stm32f1xx_ll_usb.o
    0x08004b8e   0x08004b8e   0x00000018   Code   RO          391    .text.USB_DevInit   stm32f1xx_ll_usb.o
    0x08004ba6   0x08004ba6   0x0000000e   Code   RO          387    .text.USB_DisableGlobalInt  stm32f1xx_ll_usb.o
    0x08004bb4   0x08004bb4   0x00000004   Code   RO          431    .text.USB_EP0_OutStart  stm32f1xx_ll_usb.o
    0x08004bb8   0x08004bb8   0x00000062   Code   RO          407    .text.USB_EPClearStall  stm32f1xx_ll_usb.o
    0x08004c1a   0x08004c1a   0x00000002   PAD
    0x08004c1c   0x08004c1c   0x00000028   Code   RO          405    .text.USB_EPSetStall  stm32f1xx_ll_usb.o
    0x08004c44   0x08004c44   0x00000418   Code   RO          401    .text.USB_EPStartXfer  stm32f1xx_ll_usb.o
    0x0800505c   0x0800505c   0x0000000e   Code   RO          385    .text.USB_EnableGlobalInt  stm32f1xx_ll_usb.o
    0x0800506a   0x0800506a   0x00000002   PAD
    0x0800506c   0x0800506c   0x0000000c   Code   RO           56    .text.USB_LP_CAN1_RX0_IRQHandler  stm32f1xx_it.o
    0x08005078   0x08005078   0x00000006   Code   RO          419    .text.USB_ReadInterrupts  stm32f1xx_ll_usb.o
    0x0800507e   0x0800507e   0x0000002a   Code   RO          437    .text.USB_ReadPMA   stm32f1xx_ll_usb.o
    0x080050a8   0x080050a8   0x00000004   Code   RO          389    .text.USB_SetCurrentMode  stm32f1xx_ll_usb.o
    0x080050ac   0x080050ac   0x0000000c   Code   RO          413    .text.USB_SetDevAddress  stm32f1xx_ll_usb.o
    0x080050b8   0x080050b8   0x0000001c   Code   RO          403    .text.USB_WritePMA  stm32f1xx_ll_usb.o
    0x080050d4   0x080050d4   0x00000002   Code   RO           46    .text.UsageFault_Handler  stm32f1xx_it.o
    0x080050d6   0x080050d6   0x00000002   PAD
    0x080050d8   0x080050d8   0x0000005c   Code   RO          103    .text.lcd_init      i2c-lcd.o
    0x08005134   0x08005134   0x00000016   Code   RO          101    .text.lcd_put_cur   i2c-lcd.o
    0x0800514a   0x0800514a   0x00000002   PAD
    0x0800514c   0x0800514c   0x00000028   Code   RO           95    .text.lcd_send_cmd  i2c-lcd.o
    0x08005174   0x08005174   0x00000028   Code   RO           97    .text.lcd_send_data  i2c-lcd.o
    0x0800519c   0x0800519c   0x00000012   Code   RO          105    .text.lcd_send_string  i2c-lcd.o
    0x080051ae   0x080051ae   0x00000002   PAD
    0x080051b0   0x080051b0   0x00000390   Code   RO           15    .text.main          main.o
    0x08005540   0x08005540   0x00000338   Code   RO         2039    CL$$btod_div_common  c_w.l(btod.o)
    0x08005878   0x08005878   0x00000084   Code   RO         2037    CL$$btod_e2d        c_w.l(btod.o)
    0x080058fc   0x080058fc   0x000000dc   Code   RO         2036    CL$$btod_e2e        c_w.l(btod.o)
    0x080059d8   0x080059d8   0x0000002a   Code   RO         2033    CL$$btod_ediv       c_w.l(btod.o)
    0x08005a02   0x08005a02   0x0000002a   Code   RO         2035    CL$$btod_edivd      c_w.l(btod.o)
    0x08005a2c   0x08005a2c   0x0000002a   Code   RO         2032    CL$$btod_emul       c_w.l(btod.o)
    0x08005a56   0x08005a56   0x0000002a   Code   RO         2034    CL$$btod_emuld      c_w.l(btod.o)
    0x08005a80   0x08005a80   0x00000244   Code   RO         2038    CL$$btod_mult_common  c_w.l(btod.o)
    0x08005cc4   0x08005cc4   0x0000000e   Code   RO         2161    i.__mathlib_dbl_overflow  m_ws.l(dunder.o)
    0x08005cd2   0x08005cd2   0x00000002   PAD
    0x08005cd4   0x08005cd4   0x00000010   Code   RO         2163    i.__mathlib_dbl_underflow  m_ws.l(dunder.o)
    0x08005ce4   0x08005ce4   0x00000010   Code   RO         2070    i.__mathlib_narrow  m_ws.l(narrow.o)
    0x08005cf4   0x08005cf4   0x000000bc   Code   RO         2071    i.__mathlib_tofloat  m_ws.l(narrow.o)
    0x08005db0   0x08005db0   0x00000016   Code   RO         2125    i.__support_ldexp   m_ws.l(ldexp.o)
    0x08005dc6   0x08005dc6   0x0000000e   Code   RO         1815    i._is_digit         c_w.l(__printf_wp.o)
    0x08005dd4   0x08005dd4   0x0000002c   Code   RO         1871    i.atof              m_ws.l(atof.o)
    0x08005e00   0x08005e00   0x00000058   Code   RO         2098    i.frexp             m_ws.l(frexp.o)
    0x08005e58   0x08005e58   0x00000074   Code   RO         2126    i.ldexp             m_ws.l(ldexp.o)
    0x08005ecc   0x08005ecc   0x0000002c   Code   RO         1939    locale$$code        c_w.l(lc_numeric_c.o)
    0x08005ef8   0x08005ef8   0x0000002c   Code   RO         1963    locale$$code        c_w.l(lc_ctype_c.o)
    0x08005f24   0x08005f24   0x00000062   Code   RO         1844    x$fpl$d2f           fz_ws.l(d2f.o)
    0x08005f86   0x08005f86   0x00000002   PAD
    0x08005f88   0x08005f88   0x00000010   Code   RO         2155    x$fpl$dcheck1       fz_ws.l(dcheck1.o)
    0x08005f98   0x08005f98   0x00000018   Code   RO         2118    x$fpl$dcmpinf       fz_ws.l(dcmpi.o)
    0x08005fb0   0x08005fb0   0x00000078   Code   RO         2093    x$fpl$deqf          fz_ws.l(deqf.o)
    0x08006028   0x08006028   0x00000078   Code   RO         2120    x$fpl$dleqf         fz_ws.l(dleqf.o)
    0x080060a0   0x080060a0   0x0000009c   Code   RO         1897    x$fpl$dnaninf       fz_ws.l(dnaninf.o)
    0x0800613c   0x0800613c   0x0000006c   Code   RO         2095    x$fpl$drleqf        fz_ws.l(drleqf.o)
    0x080061a8   0x080061a8   0x000000c4   Code   RO         1846    x$fpl$fadd          fz_ws.l(faddsub_clz.o)
    0x0800626c   0x0800626c   0x00000054   Code   RO         1852    x$fpl$fcmp          fz_ws.l(fcmp.o)
    0x080062c0   0x080062c0   0x00000018   Code   RO         1945    x$fpl$fcmpinf       fz_ws.l(fcmpi.o)
    0x080062d8   0x080062d8   0x00000184   Code   RO         1855    x$fpl$fdiv          fz_ws.l(fdiv.o)
    0x0800645c   0x0800645c   0x00000068   Code   RO         1899    x$fpl$feqf          fz_ws.l(feqf.o)
    0x080064c4   0x080064c4   0x00000036   Code   RO         1858    x$fpl$ffix          fz_ws.l(ffix.o)
    0x080064fa   0x080064fa   0x00000002   PAD
    0x080064fc   0x080064fc   0x00000030   Code   RO         1863    x$fpl$fflt          fz_ws.l(fflt_clz.o)
    0x0800652c   0x0800652c   0x00000068   Code   RO         1901    x$fpl$fgeqf         fz_ws.l(fgeqf.o)
    0x08006594   0x08006594   0x00000068   Code   RO         1903    x$fpl$fleqf         fz_ws.l(fleqf.o)
    0x080065fc   0x080065fc   0x00000102   Code   RO         1868    x$fpl$fmul          fz_ws.l(fmul.o)
    0x080066fe   0x080066fe   0x0000008c   Code   RO         1905    x$fpl$fnaninf       fz_ws.l(fnaninf.o)
    0x0800678a   0x0800678a   0x0000000a   Code   RO         1907    x$fpl$fretinf       fz_ws.l(fretinf.o)
    0x08006794   0x08006794   0x000000ea   Code   RO         1848    x$fpl$fsub          fz_ws.l(faddsub_clz.o)
    0x0800687e   0x0800687e   0x00000006   Code   RO         2062    x$fpl$ieeestatus    fz_ws.l(istatus.o)
    0x08006884   0x08006884   0x00000064   Code   RO         2187    x$fpl$retnan        fz_ws.l(retnan.o)
    0x080068e8   0x080068e8   0x0000005c   Code   RO         2122    x$fpl$scalbn        fz_ws.l(scalbn.o)
    0x08006944   0x08006944   0x00000004   Code   RO         1947    x$fpl$scanf1        fz_ws.l(scanf1.o)
    0x08006948   0x08006948   0x00000008   Code   RO         2064    x$fpl$scanf2        fz_ws.l(scanf2.o)
    0x08006950   0x08006950   0x00000030   Code   RO         2197    x$fpl$trapveneer    fz_ws.l(trapv.o)
    0x08006980   0x08006980   0x00000000   Code   RO         1909    x$fpl$usenofp       fz_ws.l(usenofp.o)
    0x08006980   0x08006980   0x00000094   Data   RO         2027    .constdata          c_w.l(bigflt0.o)
    0x08006a14   0x08006a14   0x00000010   Data   RO         1640    .rodata.AHBPrescTable  system_stm32f1xx.o
    0x08006a24   0x08006a24   0x00000008   Data   RO         1641    .rodata.APBPrescTable  system_stm32f1xx.o
    0x08006a2c   0x08006a2c   0x00000007   Data   RO          174    .rodata.str1.1      usbd_cdc_if.o
    0x08006a33   0x08006a33   0x00000001   PAD
    0x08006a34   0x08006a34   0x00000020   Data   RO         2216    Region$$Table       anon$$obj.o
    0x08006a54   0x08006a54   0x00000008   Data   RO         2056    c$$dinf             fz_ws.l(fpconst.o)
    0x08006a5c   0x08006a5c   0x00000008   Data   RO         2059    c$$dmax             fz_ws.l(fpconst.o)
    0x08006a64   0x08006a64   0x0000001c   Data   RO         1938    locale$$data        c_w.l(lc_numeric_c.o)
    0x08006a80   0x08006a80   0x00000110   Data   RO         1962    locale$$data        c_w.l(lc_ctype_c.o)


    Execution Region RW_IRAM1 (Exec base: 0x20000000, Load base: 0x08006b90, Size: 0x00001b40, Max: 0x00005000, ABSOLUTE, COMPRESSED[0x000000d0])

    Exec Addr    Load Addr    Size         Type   Attr      Idx    E Section Name        Object

    0x20000000   COMPRESSED   0x00000004   Data   RW         1830    .data               c_w.l(strtok.o)
    0x20000004   COMPRESSED   0x0000000c   Data   RW           28    .data..L_MergedGlobals  main.o
    0x20000010   COMPRESSED   0x00000008   Data   RW          516    .data..L_MergedGlobals  stm32f1xx_hal.o
    0x20000018   COMPRESSED   0x0000001c   Data   RW          144    .data.FS_Desc       usbd_desc.o
    0x20000034   COMPRESSED   0x00000004   Data   RW         1639    .data.SystemCoreClock  system_stm32f1xx.o
    0x20000038   COMPRESSED   0x00000038   Data   RW         1781    .data.USBD_CDC      usbd_cdc.o
    0x20000070   COMPRESSED   0x00000043   Data   RW         1783    .data.USBD_CDC_CfgFSDesc  usbd_cdc.o
    0x200000b3   COMPRESSED   0x00000001   PAD
    0x200000b4   COMPRESSED   0x00000043   Data   RW         1782    .data.USBD_CDC_CfgHSDesc  usbd_cdc.o
    0x200000f7   COMPRESSED   0x00000001   PAD
    0x200000f8   COMPRESSED   0x0000000a   Data   RW         1785    .data.USBD_CDC_DeviceQualifierDesc  usbd_cdc.o
    0x20000102   COMPRESSED   0x00000002   PAD
    0x20000104   COMPRESSED   0x00000043   Data   RW         1784    .data.USBD_CDC_OtherSpeedCfgDesc  usbd_cdc.o
    0x20000147   COMPRESSED   0x00000001   PAD
    0x20000148   COMPRESSED   0x00000012   Data   RW          145    .data.USBD_FS_DeviceDesc  usbd_desc.o
    0x2000015a   COMPRESSED   0x00000002   PAD
    0x2000015c   COMPRESSED   0x00000010   Data   RW          171    .data.USBD_Interface_fops_FS  usbd_cdc_if.o
    0x2000016c   COMPRESSED   0x00000004   Data   RW          146    .data.USBD_LangIDDesc  usbd_desc.o
    0x20000170   COMPRESSED   0x0000001a   Data   RW          147    .data.USBD_StringSerial  usbd_desc.o
    0x2000018a   COMPRESSED   0x00000006   PAD
    0x20000190        -       0x00000060   Zero   RW         1911    .bss                c_w.l(libspace.o)
    0x200001f0        -       0x00000060   Zero   RW           29    .bss..L_MergedGlobals.3  main.o
    0x20000250        -       0x00000001   Zero   RW         1720    .bss.USBD_SetConfig.cfgidx  usbd_ctlreq.o
    0x20000251   COMPRESSED   0x00000003   PAD
    0x20000254        -       0x00000200   Zero   RW          148    .bss.USBD_StrDesc   usbd_desc.o
    0x20000454        -       0x00000220   Zero   RW          248    .bss.USBD_static_malloc.mem  usbd_conf.o
    0x20000674        -       0x00000400   Zero   RW          172    .bss.UserRxBufferFS  usbd_cdc_if.o
    0x20000a74        -       0x00000400   Zero   RW          173    .bss.UserTxBufferFS  usbd_cdc_if.o
    0x20000e74        -       0x000002c4   Zero   RW          119    .bss.hUsbDeviceFS   usb_device.o
    0x20001138        -       0x00000054   Zero   RW           26    .bss.hi2c1          main.o
    0x2000118c        -       0x000002d8   Zero   RW          247    .bss.hpcd_USB_FS    usbd_conf.o
    0x20001464        -       0x00000048   Zero   RW           24    .bss.htim1          main.o
    0x200014ac        -       0x00000048   Zero   RW           23    .bss.htim2          main.o
    0x200014f4        -       0x00000048   Zero   RW           25    .bss.htim3          main.o
    0x2000153c        -       0x00000004   Zero   RW          515    .bss.uwTick         stm32f1xx_hal.o
    0x20001540        -       0x00000200   Zero   RW            2    HEAP                startup_stm32f103xb.o
    0x20001740        -       0x00000400   Zero   RW            1    STACK               startup_stm32f103xb.o


==============================================================================

Image component sizes


      Code (inc. data)   RO Data    RW Data    ZI Data      Debug   Object Name

       232          8          0          0          0       2755   i2c-lcd.o
      1500        128          0         12        396      12828   main.o
        64         26        236          0       1536        784   startup_stm32f103xb.o
       164         20          0          8          4       5912   stm32f1xx_hal.o
       190         24          0          0          0       8307   stm32f1xx_hal_cortex.o
       454         52          0          0          0       4677   stm32f1xx_hal_gpio.o
      1286         20          0          0          0      43135   stm32f1xx_hal_i2c.o
       340         28          0          0          0       8934   stm32f1xx_hal_msp.o
      2760          4          0          0          0      16607   stm32f1xx_hal_pcd.o
        56          0          0          0          0       4189   stm32f1xx_hal_pcd_ex.o
      1256         68          0          0          0       7461   stm32f1xx_hal_rcc.o
      2010         36          0          0          0      46811   stm32f1xx_hal_tim.o
       170          0          0          0          0      19549   stm32f1xx_hal_tim_ex.o
        44          8          0          0          0       6369   stm32f1xx_it.o
      2180         24          0          0          0      14317   stm32f1xx_ll_usb.o
         2          0         24          4          0       1585   system_stm32f1xx.o
        80         16          0          0        708       2910   usb_device.o
       720         24          0        267          0       9929   usbd_cdc.o
       394         60          7         16       2048       5310   usbd_cdc_if.o
       556         32          0          0       1272      14953   usbd_conf.o
       660          0          0          0          0       7654   usbd_core.o
      1096         38          0          0          1       8018   usbd_ctlreq.o
       264         92          0         76        512       3611   usbd_desc.o
       128          0          0          0          0       4421   usbd_ioreq.o

    ----------------------------------------------------------------------
     16642        708        300        392       6484     261026   Object Totals
         0          0         32          0          0          0   (incl. Generated)
        36          0          1          9          7          0   (incl. Padding)

    ----------------------------------------------------------------------

      Code (inc. data)   RO Data    RW Data    ZI Data      Debug   Library Member Name

        90          0          0          0          0          0   __dczerorl2.o
         8          0          0          0          0         68   __main.o
       104          0          0          0          0         84   __printf.o
        14          0          0          0          0         68   __printf_wp.o
         0          0          0          0          0          0   __rtentry.o
        12          0          0          0          0          0   __rtentry2.o
         6          0          0          0          0          0   __rtentry4.o
        94          8          0          0          0          0   __scatter.o
        28          0          0          0          0          0   __scatter_zi.o
        28          0          0          0          0         68   _chval.o
        48          6          0          0          0         96   _printf_char_common.o
         6          0          0          0          0          0   _printf_d.o
       120         16          0          0          0         92   _printf_dec.o
       178          0          0          0          0         88   _printf_intcommon.o
         0          0          0          0          0          0   _printf_percent.o
         4          0          0          0          0          0   _printf_percent_end.o
        22          0          0          0          0        100   _rserrno.o
        64          0          0          0          0         84   _sgetc.o
        10          0          0          0          0         68   _sputc.o
       158          0          0          0          0         92   _strtoul.o
        26          0          0          0          0         80   atoi.o
       228          4        148          0          0         96   bigflt0.o
      1924        136          0          0          0        752   btod.o
        18          0          0          0          0         80   exit.o
         6          0          0          0          0        152   heapauxi.o
         0          0          0          0          0          0   indicate_semi.o
        18          0          0          0          0         76   isspace.o
        44         10        272          0          0         76   lc_ctype_c.o
        44         10         28          0          0         76   lc_numeric_c.o
         2          0          0          0          0          0   libinit.o
        30          0          0          0          0          0   libinit2.o
         2          0          0          0          0          0   libshutdown.o
         2          0          0          0          0          0   libshutdown2.o
         8          4          0          0         96         68   libspace.o
        38          0          0          0          0         68   llshl.o
        88          0          0          0          0         76   memcmp.o
        40          6          0          0          0         84   noretval__2sprintf.o
        16          4          0          0          0         76   rt_ctype_table.o
         8          4          0          0          0         68   rt_errno_addr_intlibspace.o
         8          4          0          0          0         68   rt_locale_intlibspace.o
        78          0          0          0          0         80   rt_memclr_w.o
       138          0          0          0          0         68   rt_memcpy_v6.o
       100          0          0          0          0         80   rt_memcpy_w.o
         2          0          0          0          0          0   rtexit.o
        10          0          0          0          0          0   rtexit2.o
      1272         16          0          0          0        168   scanf_fp.o
       800         14          0          0          0        100   scanf_hexfp.o
       308         16          0          0          0        100   scanf_infnan.o
       128          0          0          0          0         68   strcmpv7m.o
        32          0          0          0          0         80   strcspn.o
        62          0          0          0          0         76   strlen.o
        28          0          0          0          0         80   strspn.o
       176         14          0          0          0        124   strtod.o
        12          6          0          4          0         68   strtok.o
        68          4          0          0          0         84   strtok_int.o
       112          0          0          0          0         88   strtol.o
        12          4          0          0          0         68   sys_exit.o
        74          0          0          0          0         80   sys_stackheap_outer.o
         2          0          0          0          0         68   use_no_semi.o
        98          4          0          0          0         92   d2f.o
        16          4          0          0          0         68   dcheck1.o
        24          0          0          0          0         68   dcmpi.o
       120          4          0          0          0         92   deqf.o
       120          4          0          0          0         92   dleqf.o
       156          4          0          0          0         92   dnaninf.o
       108          0          0          0          0         80   drleqf.o
       430          8          0          0          0        168   faddsub_clz.o
        84          0          0          0          0        196   fcmp.o
        24          0          0          0          0         68   fcmpi.o
       388         76          0          0          0         96   fdiv.o
       104          4          0          0          0         84   feqf.o
        54          4          0          0          0         84   ffix.o
        48          0          0          0          0         68   fflt_clz.o
       104          4          0          0          0         84   fgeqf.o
       104          4          0          0          0         84   fleqf.o
       258          4          0          0          0         84   fmul.o
       140          4          0          0          0         84   fnaninf.o
         0          0         16          0          0          0   fpconst.o
        10          0          0          0          0         68   fretinf.o
         6          0          0          0          0         68   istatus.o
       100          0          0          0          0         68   retnan.o
        92          0          0          0          0         68   scalbn.o
         4          0          0          0          0         68   scanf1.o
         8          0          0          0          0         84   scanf2.o
        48          0          0          0          0         68   trapv.o
         0          0          0          0          0          0   usenofp.o
        44          0          0          0          0         84   atof.o
        30          6          0          0          0        136   dunder.o
        88          8          0          0          0         76   frexp.o
       138          0          0          0          0        160   ldexp.o
       204          4          0          0          0        168   narrow.o

    ----------------------------------------------------------------------
     10130        432        464          4         96       7084   Library Totals
        20          0          0          0          0          0   (incl. Padding)

    ----------------------------------------------------------------------

      Code (inc. data)   RO Data    RW Data    ZI Data      Debug   Library Name

      6958        286        448          4         96       4284   c_w.l
      2648        128         16          0          0       2176   fz_ws.l
       504         18          0          0          0        624   m_ws.l

    ----------------------------------------------------------------------
     10130        432        464          4         96       7084   Library Totals

    ----------------------------------------------------------------------

==============================================================================


      Code (inc. data)   RO Data    RW Data    ZI Data      Debug   

     26772       1140        764        396       6580     263626   Grand Totals
     26772       1140        764        208       6580     263626   ELF Image Totals (compressed)
     26772       1140        764        208          0          0   ROM Totals

==============================================================================

    Total RO  Size (Code + RO Data)                27536 (  26.89kB)
    Total RW  Size (RW Data + ZI Data)              6976 (   6.81kB)
    Total ROM Size (Code + RO Data + RW Data)      27744 (  27.09kB)

==============================================================================

